./punchSpeeds.sh
Last-modified header missing -- time-stamps turned off.
2026-07-30 14:41:41 URL:https://umbra.nascom.nasa.gov/punch/0/CR1/2026/03/16/ [91440] -> "Real/0/CR1/2026/03/16.tmp" [1]
2026-07-30 14:41:41 URL:https://umbra.nascom.nasa.gov/robots.txt [441] -> "Real/robots.txt.tmp" [1]
Last-modified header missing -- time-stamps turned off.
2026-07-30 14:41:41 URL:https://umbra.nascom.nasa.gov/punch/0/CR1/2026/03/16/?C=N;O=D [91440] -> "Real/0/CR1/2026/03/16/index.html?C=N;O=D.tmp" [1]
Last-modified header missing -- time-stamps turned off.
2026-07-30 14:41:41 URL:https://umbra.nascom.nasa.gov/punch/0/CR1/2026/03/16/?C=M;O=A [91440] -> "Real/0/CR1/2026/03/16/index.html?C=M;O=A.tmp" [1]
Last-modified header missing -- time-stamps turned off.
2026-07-30 14:41:41 URL:https://umbra.nascom.nasa.gov/punch/0/CR1/2026/03/16/?C=S;O=A [91440] -> "Real/0/CR1/2026/03/16/index.html?C=S;O=A.tmp" [1]
Last-modified header missing -- time-stamps turned off.
2026-07-30 14:41:42 URL:https://umbra.nascom.nasa.gov/punch/0/CR1/2026/03/16/?C=D;O=A [91440] -> "Real/0/CR1/2026/03/16/index.html?C=D;O=A.tmp" [1]
Last-modified header missing -- time-stamps turned off.
2026-07-30 14:41:42 URL:https://umbra.nascom.nasa.gov/punch/0/CR1/2026/03/ [6477] -> "Real/0/CR1/2026/03/index.html.tmp" [1]
2026-07-30 14:41:42 URL:https://umbra.nascom.nasa.gov/punch/0/CR1/2026/03/16/PUNCH_L0_CR1_20260316000029_v0j.fits [1532160] -> "Real/0/CR1/2026/03/16/PUNCH_L0_CR1_20260316000029_v0j.fits" [1]
2026-07-30 14:41:43 URL:https://umbra.nascom.nasa.gov/punch/0/CR1/2026/03/16/PUNCH_L0_CR1_20260316000029_v0l.fits [1532160] -> "Real/0/CR1/2026/03/16/PUNCH_L0_CR1_20260316000029_v0l.fits" [1]
2026-07-30 14:41:43 URL:https://umbra.nascom.nasa.gov/punch/0/CR1/2026/03/16/PUNCH_L0_CR1_20260316000829_v0j.fits [1566720] -> "Real/0/CR1/2026/03/16/PUNCH_L0_CR1_20260316000829_v0j.fits" [1]
2026-07-30 14:41:44 URL:https://umbra.nascom.nasa.gov/punch/0/CR1/2026/03/16/PUNCH_L0_CR1_20260316000829_v0l.fits [1566720] -> "Real/0/CR1/2026/03/16/PUNCH_L0_CR1_20260316000829_v0l.fits" [1]
2026-07-30 14:41:44 URL:https://umbra.nascom.nasa.gov/punch/0/CR1/2026/03/16/PUNCH_L0_CR1_20260316001629_v0j.fits [1601280] -> "Real/0/CR1/2026/03/16/PUNCH_L0_CR1_20260316001629_v0j.fits" [1]
2026-07-30 14:41:45 URL:https://umbra.nascom.nasa.gov/punch/0/CR1/2026/03/16/PUNCH_L0_CR1_20260316001629_v0l.fits [1601280] -> "Real/0/CR1/2026/03/16/PUNCH_L0_CR1_20260316001629_v0l.fits" [1]
2026-07-30 14:41:45 URL:https://umbra.nascom.nasa.gov/punch/0/CR1/2026/03/16/PUNCH_L0_CR1_20260316002429_v0j.fits [1607040] -> "Real/0/CR1/2026/03/16/PUNCH_L0_CR1_20260316002429_v0j.fits" [1]
2026-07-30 14:41:46 URL:https://umbra.nascom.nasa.gov/punch/0/CR1/2026/03/16/PUNCH_L0_CR1_20260316002429_v0l.fits [1607040] -> "Real/0/CR1/2026/03/16/PUNCH_L0_CR1_20260316002429_v0l.fits" [1]
2026-07-30 14:41:46 URL:https://umbra.nascom.nasa.gov/punch/0/CR1/2026/03/16/PUNCH_L0_CR1_20260316003229_v0j.fits [1592640] -> "Real/0/CR1/2026/03/16/PUNCH_L0_CR1_20260316003229_v0j.fits" [1]
2026-07-30 14:41:46 URL:https://umbra.nascom.nasa.gov/punch/0/CR1/2026/03/16/PUNCH_L0_CR1_20260316003229_v0l.fits [1592640] -> "Real/0/CR1/2026/03/16/PUNCH_L0_CR1_20260316003229_v0l.fits" [1]
2026-07-30 14:41:47 URL:https://umbra.nascom.nasa.gov/punch/0/CR1/2026/03/16/PUNCH_L0_CR1_20260316004029_v0j.fits [1555200] -> "Real/0/CR1/2026/03/16/PUNCH_L0_CR1_20260316004029_v0j.fits" [1]
2026-07-30 14:41:47 URL:https://umbra.nascom.nasa.gov/punch/0/CR1/2026/03/16/PUNCH_L0_CR1_20260316004029_v0l.fits [1555200] -> "Real/0/CR1/2026/03/16/PUNCH_L0_CR1_20260316004029_v0l.fits" [1]
2026-07-30 14:41:48 URL:https://umbra.nascom.nasa.gov/punch/0/CR1/2026/03/16/PUNCH_L0_CR1_20260316004829_v0j.fits [1514880] -> "Real/0/CR1/2026/03/16/PUNCH_L0_CR1_20260316004829_v0j.fits" [1]
2026-07-30 14:41:48 URL:https://umbra.nascom.nasa.gov/punch/0/CR1/2026/03/16/PUNCH_L0_CR1_20260316004829_v0l.fits [1514880] -> "Real/0/CR1/2026/03/16/PUNCH_L0_CR1_20260316004829_v0l.fits" [1]
2026-07-30 14:41:49 URL:https://umbra.nascom.nasa.gov/punch/0/CR1/2026/03/16/PUNCH_L0_CR1_20260316005629_v0j.fits [1480320] -> "Real/0/CR1/2026/03/16/PUNCH_L0_CR1_20260316005629_v0j.fits" [1]
2026-07-30 14:41:49 URL:https://umbra.nascom.nasa.gov/punch/0/CR1/2026/03/16/PUNCH_L0_CR1_20260316005629_v0l.fits [1480320] -> "Real/0/CR1/2026/03/16/PUNCH_L0_CR1_20260316005629_v0l.fits" [1]
2026-07-30 14:41:50 URL:https://umbra.nascom.nasa.gov/punch/0/CR1/2026/03/16/PUNCH_L0_CR1_20260316010429_v0j.fits [1457280] -> "Real/0/CR1/2026/03/16/PUNCH_L0_CR1_20260316010429_v0j.fits" [1]
2026-07-30 14:41:50 URL:https://umbra.nascom.nasa.gov/punch/0/CR1/2026/03/16/PUNCH_L0_CR1_20260316010429_v0l.fits [1457280] -> "Real/0/CR1/2026/03/16/PUNCH_L0_CR1_20260316010429_v0l.fits" [1]
2026-07-30 14:41:50 URL:https://umbra.nascom.nasa.gov/punch/0/CR1/2026/03/16/PUNCH_L0_CR1_20260316011229_v0j.fits [1448640] -> "Real/0/CR1/2026/03/16/PUNCH_L0_CR1_20260316011229_v0j.fits" [1]
2026-07-30 14:41:51 URL:https://umbra.nascom.nasa.gov/punch/0/CR1/2026/03/16/PUNCH_L0_CR1_20260316011229_v0l.fits [1448640] -> "Real/0/CR1/2026/03/16/PUNCH_L0_CR1_20260316011229_v0l.fits" [1]
2026-07-30 14:41:51 URL:https://umbra.nascom.nasa.gov/punch/0/CR1/2026/03/16/PUNCH_L0_CR1_20260316012029_v0j.fits [1465920] -> "Real/0/CR1/2026/03/16/PUNCH_L0_CR1_20260316012029_v0j.fits" [1]
2026-07-30 14:41:52 URL:https://umbra.nascom.nasa.gov/punch/0/CR1/2026/03/16/PUNCH_L0_CR1_20260316012029_v0l.fits [1465920] -> "Real/0/CR1/2026/03/16/PUNCH_L0_CR1_20260316012029_v0l.fits" [1]
2026-07-30 14:41:52 URL:https://umbra.nascom.nasa.gov/punch/0/CR1/2026/03/16/PUNCH_L0_CR1_20260316012829_v0j.fits [1494720] -> "Real/0/CR1/2026/03/16/PUNCH_L0_CR1_20260316012829_v0j.fits" [1]
2026-07-30 14:41:53 URL:https://umbra.nascom.nasa.gov/punch/0/CR1/2026/03/16/PUNCH_L0_CR1_20260316012829_v0l.fits [1494720] -> "Real/0/CR1/2026/03/16/PUNCH_L0_CR1_20260316012829_v0l.fits" [1]
2026-07-30 14:41:53 URL:https://umbra.nascom.nasa.gov/punch/0/CR1/2026/03/16/PUNCH_L0_CR1_20260316013629_v0j.fits [1523520] -> "Real/0/CR1/2026/03/16/PUNCH_L0_CR1_20260316013629_v0j.fits" [1]
2026-07-30 14:41:54 URL:https://umbra.nascom.nasa.gov/punch/0/CR1/2026/03/16/PUNCH_L0_CR1_20260316013629_v0l.fits [1523520] -> "Real/0/CR1/2026/03/16/PUNCH_L0_CR1_20260316013629_v0l.fits" [1]
2026-07-30 14:41:54 URL:https://umbra.nascom.nasa.gov/punch/0/CR1/2026/03/16/PUNCH_L0_CR1_20260316014429_v0j.fits [1558080] -> "Real/0/CR1/2026/03/16/PUNCH_L0_CR1_20260316014429_v0j.fits" [1]
2026-07-30 14:41:54 URL:https://umbra.nascom.nasa.gov/punch/0/CR1/2026/03/16/PUNCH_L0_CR1_20260316014429_v0l.fits [1558080] -> "Real/0/CR1/2026/03/16/PUNCH_L0_CR1_20260316014429_v0l.fits" [1]
2026-07-30 14:41:55 URL:https://umbra.nascom.nasa.gov/punch/0/CR1/2026/03/16/PUNCH_L0_CR1_20260316015229_v0j.fits [1595520] -> "Real/0/CR1/2026/03/16/PUNCH_L0_CR1_20260316015229_v0j.fits" [1]
2026-07-30 14:41:55 URL:https://umbra.nascom.nasa.gov/punch/0/CR1/2026/03/16/PUNCH_L0_CR1_20260316015229_v0l.fits [1595520] -> "Real/0/CR1/2026/03/16/PUNCH_L0_CR1_20260316015229_v0l.fits" [1]
2026-07-30 14:41:56 URL:https://umbra.nascom.nasa.gov/punch/0/CR1/2026/03/16/PUNCH_L0_CR1_20260316020029_v0j.fits [1607040] -> "Real/0/CR1/2026/03/16/PUNCH_L0_CR1_20260316020029_v0j.fits" [1]
2026-07-30 14:41:56 URL:https://umbra.nascom.nasa.gov/punch/0/CR1/2026/03/16/PUNCH_L0_CR1_20260316020029_v0l.fits [1607040] -> "Real/0/CR1/2026/03/16/PUNCH_L0_CR1_20260316020029_v0l.fits" [1]
2026-07-30 14:41:57 URL:https://umbra.nascom.nasa.gov/punch/0/CR1/2026/03/16/PUNCH_L0_CR1_20260316020829_v0j.fits [1601280] -> "Real/0/CR1/2026/03/16/PUNCH_L0_CR1_20260316020829_v0j.fits" [1]
2026-07-30 14:41:57 URL:https://umbra.nascom.nasa.gov/punch/0/CR1/2026/03/16/PUNCH_L0_CR1_20260316020829_v0l.fits [1601280] -> "Real/0/CR1/2026/03/16/PUNCH_L0_CR1_20260316020829_v0l.fits" [1]
2026-07-30 14:41:58 URL:https://umbra.nascom.nasa.gov/punch/0/CR1/2026/03/16/PUNCH_L0_CR1_20260316021629_v0j.fits [1566720] -> "Real/0/CR1/2026/03/16/PUNCH_L0_CR1_20260316021629_v0j.fits" [1]
2026-07-30 14:41:58 URL:https://umbra.nascom.nasa.gov/punch/0/CR1/2026/03/16/PUNCH_L0_CR1_20260316021629_v0l.fits [1566720] -> "Real/0/CR1/2026/03/16/PUNCH_L0_CR1_20260316021629_v0l.fits" [1]
2026-07-30 14:41:59 URL:https://umbra.nascom.nasa.gov/punch/0/CR1/2026/03/16/PUNCH_L0_CR1_20260316022429_v0j.fits [1523520] -> "Real/0/CR1/2026/03/16/PUNCH_L0_CR1_20260316022429_v0j.fits" [1]
2026-07-30 14:41:59 URL:https://umbra.nascom.nasa.gov/punch/0/CR1/2026/03/16/PUNCH_L0_CR1_20260316022429_v0l.fits [1523520] -> "Real/0/CR1/2026/03/16/PUNCH_L0_CR1_20260316022429_v0l.fits" [1]
2026-07-30 14:42:00 URL:https://umbra.nascom.nasa.gov/punch/0/CR1/2026/03/16/PUNCH_L0_CR1_20260316023229_v0j.fits [1486080] -> "Real/0/CR1/2026/03/16/PUNCH_L0_CR1_20260316023229_v0j.fits" [1]
2026-07-30 14:42:00 URL:https://umbra.nascom.nasa.gov/punch/0/CR1/2026/03/16/PUNCH_L0_CR1_20260316023229_v0l.fits [1486080] -> "Real/0/CR1/2026/03/16/PUNCH_L0_CR1_20260316023229_v0l.fits" [1]
2026-07-30 14:42:01 URL:https://umbra.nascom.nasa.gov/punch/0/CR1/2026/03/16/PUNCH_L0_CR1_20260316024029_v0j.fits [1463040] -> "Real/0/CR1/2026/03/16/PUNCH_L0_CR1_20260316024029_v0j.fits" [1]
2026-07-30 14:42:01 URL:https://umbra.nascom.nasa.gov/punch/0/CR1/2026/03/16/PUNCH_L0_CR1_20260316024029_v0l.fits [1463040] -> "Real/0/CR1/2026/03/16/PUNCH_L0_CR1_20260316024029_v0l.fits" [1]
2026-07-30 14:42:02 URL:https://umbra.nascom.nasa.gov/punch/0/CR1/2026/03/16/PUNCH_L0_CR1_20260316024829_v0j.fits [1448640] -> "Real/0/CR1/2026/03/16/PUNCH_L0_CR1_20260316024829_v0j.fits" [1]
2026-07-30 14:42:02 URL:https://umbra.nascom.nasa.gov/punch/0/CR1/2026/03/16/PUNCH_L0_CR1_20260316024829_v0l.fits [1448640] -> "Real/0/CR1/2026/03/16/PUNCH_L0_CR1_20260316024829_v0l.fits" [1]
2026-07-30 14:42:03 URL:https://umbra.nascom.nasa.gov/punch/0/CR1/2026/03/16/PUNCH_L0_CR1_20260316025629_v0j.fits [1457280] -> "Real/0/CR1/2026/03/16/PUNCH_L0_CR1_20260316025629_v0j.fits" [1]
2026-07-30 14:42:03 URL:https://umbra.nascom.nasa.gov/punch/0/CR1/2026/03/16/PUNCH_L0_CR1_20260316025629_v0l.fits [1457280] -> "Real/0/CR1/2026/03/16/PUNCH_L0_CR1_20260316025629_v0l.fits" [1]
2026-07-30 14:42:03 URL:https://umbra.nascom.nasa.gov/punch/0/CR1/2026/03/16/PUNCH_L0_CR1_20260316030429_v0j.fits [1491840] -> "Real/0/CR1/2026/03/16/PUNCH_L0_CR1_20260316030429_v0j.fits" [1]
2026-07-30 14:42:04 URL:https://umbra.nascom.nasa.gov/punch/0/CR1/2026/03/16/PUNCH_L0_CR1_20260316030429_v0l.fits [1491840] -> "Real/0/CR1/2026/03/16/PUNCH_L0_CR1_20260316030429_v0l.fits" [1]
2026-07-30 14:42:04 URL:https://umbra.nascom.nasa.gov/punch/0/CR1/2026/03/16/PUNCH_L0_CR1_20260316031229_v0j.fits [1517760] -> "Real/0/CR1/2026/03/16/PUNCH_L0_CR1_20260316031229_v0j.fits" [1]
2026-07-30 14:42:05 URL:https://umbra.nascom.nasa.gov/punch/0/CR1/2026/03/16/PUNCH_L0_CR1_20260316031229_v0l.fits [1517760] -> "Real/0/CR1/2026/03/16/PUNCH_L0_CR1_20260316031229_v0l.fits" [1]
2026-07-30 14:42:05 URL:https://umbra.nascom.nasa.gov/punch/0/CR1/2026/03/16/PUNCH_L0_CR1_20260316032029_v0j.fits [1549440] -> "Real/0/CR1/2026/03/16/PUNCH_L0_CR1_20260316032029_v0j.fits" [1]
2026-07-30 14:42:06 URL:https://umbra.nascom.nasa.gov/punch/0/CR1/2026/03/16/PUNCH_L0_CR1_20260316032029_v0l.fits [1549440] -> "Real/0/CR1/2026/03/16/PUNCH_L0_CR1_20260316032029_v0l.fits" [1]
2026-07-30 14:42:06 URL:https://umbra.nascom.nasa.gov/punch/0/CR1/2026/03/16/PUNCH_L0_CR1_20260316032829_v0j.fits [1584000] -> "Real/0/CR1/2026/03/16/PUNCH_L0_CR1_20260316032829_v0j.fits" [1]
2026-07-30 14:42:07 URL:https://umbra.nascom.nasa.gov/punch/0/CR1/2026/03/16/PUNCH_L0_CR1_20260316032829_v0l.fits [1584000] -> "Real/0/CR1/2026/03/16/PUNCH_L0_CR1_20260316032829_v0l.fits" [1]
2026-07-30 14:42:07 URL:https://umbra.nascom.nasa.gov/punch/0/CR1/2026/03/16/PUNCH_L0_CR1_20260316033629_v0j.fits [1604160] -> "Real/0/CR1/2026/03/16/PUNCH_L0_CR1_20260316033629_v0j.fits" [1]
2026-07-30 14:42:08 URL:https://umbra.nascom.nasa.gov/punch/0/CR1/2026/03/16/PUNCH_L0_CR1_20260316033629_v0l.fits [1604160] -> "Real/0/CR1/2026/03/16/PUNCH_L0_CR1_20260316033629_v0l.fits" [1]
2026-07-30 14:42:08 URL:https://umbra.nascom.nasa.gov/punch/0/CR1/2026/03/16/PUNCH_L0_CR1_20260316034429_v0j.fits [1601280] -> "Real/0/CR1/2026/03/16/PUNCH_L0_CR1_20260316034429_v0j.fits" [1]
2026-07-30 14:42:09 URL:https://umbra.nascom.nasa.gov/punch/0/CR1/2026/03/16/PUNCH_L0_CR1_20260316034429_v0l.fits [1601280] -> "Real/0/CR1/2026/03/16/PUNCH_L0_CR1_20260316034429_v0l.fits" [1]
GnuTLS: The TLS connection was non-properly terminated.
Unable to establish SSL connection.
2026-07-30 14:42:24 URL:https://umbra.nascom.nasa.gov/punch/0/CR1/2026/03/16/PUNCH_L0_CR1_20260316035229_v0l.fits [1575360] -> "Real/0/CR1/2026/03/16/PUNCH_L0_CR1_20260316035229_v0l.fits" [1]
2026-07-30 14:42:25 URL:https://umbra.nascom.nasa.gov/punch/0/CR1/2026/03/16/PUNCH_L0_CR1_20260316040029_v0j.fits [1532160] -> "Real/0/CR1/2026/03/16/PUNCH_L0_CR1_20260316040029_v0j.fits" [1]
2026-07-30 14:42:25 URL:https://umbra.nascom.nasa.gov/punch/0/CR1/2026/03/16/PUNCH_L0_CR1_20260316040029_v0l.fits [1532160] -> "Real/0/CR1/2026/03/16/PUNCH_L0_CR1_20260316040029_v0l.fits" [1]
2026-07-30 14:42:26 URL:https://umbra.nascom.nasa.gov/punch/0/CR1/2026/03/16/PUNCH_L0_CR1_20260316040829_v0j.fits [1491840] -> "Real/0/CR1/2026/03/16/PUNCH_L0_CR1_20260316040829_v0j.fits" [1]
2026-07-30 14:42:26 URL:https://umbra.nascom.nasa.gov/punch/0/CR1/2026/03/16/PUNCH_L0_CR1_20260316040829_v0l.fits [1491840] -> "Real/0/CR1/2026/03/16/PUNCH_L0_CR1_20260316040829_v0l.fits" [1]
2026-07-30 14:42:27 URL:https://umbra.nascom.nasa.gov/punch/0/CR1/2026/03/16/PUNCH_L0_CR1_20260316041628_v0j.fits [1468800] -> "Real/0/CR1/2026/03/16/PUNCH_L0_CR1_20260316041628_v0j.fits" [1]
2026-07-30 14:42:27 URL:https://umbra.nascom.nasa.gov/punch/0/CR1/2026/03/16/PUNCH_L0_CR1_20260316041628_v0l.fits [1468800] -> "Real/0/CR1/2026/03/16/PUNCH_L0_CR1_20260316041628_v0l.fits" [1]
2026-07-30 14:42:28 URL:https://umbra.nascom.nasa.gov/punch/0/CR1/2026/03/16/PUNCH_L0_CR1_20260316042429_v0j.fits [1451520] -> "Real/0/CR1/2026/03/16/PUNCH_L0_CR1_20260316042429_v0j.fits" [1]
2026-07-30 14:42:28 URL:https://umbra.nascom.nasa.gov/punch/0/CR1/2026/03/16/PUNCH_L0_CR1_20260316042429_v0l.fits [1451520] -> "Real/0/CR1/2026/03/16/PUNCH_L0_CR1_20260316042429_v0l.fits" [1]
2026-07-30 14:42:29 URL:https://umbra.nascom.nasa.gov/punch/0/CR1/2026/03/16/PUNCH_L0_CR1_20260316043228_v0j.fits [1454400] -> "Real/0/CR1/2026/03/16/PUNCH_L0_CR1_20260316043228_v0j.fits" [1]
2026-07-30 14:42:29 URL:https://umbra.nascom.nasa.gov/punch/0/CR1/2026/03/16/PUNCH_L0_CR1_20260316043228_v0l.fits [1454400] -> "Real/0/CR1/2026/03/16/PUNCH_L0_CR1_20260316043228_v0l.fits" [1]
2026-07-30 14:42:29 URL:https://umbra.nascom.nasa.gov/punch/0/CR1/2026/03/16/PUNCH_L0_CR1_20260316044029_v0j.fits [1486080] -> "Real/0/CR1/2026/03/16/PUNCH_L0_CR1_20260316044029_v0j.fits" [1]
2026-07-30 14:42:30 URL:https://umbra.nascom.nasa.gov/punch/0/CR1/2026/03/16/PUNCH_L0_CR1_20260316044029_v0l.fits [1486080] -> "Real/0/CR1/2026/03/16/PUNCH_L0_CR1_20260316044029_v0l.fits" [1]
2026-07-30 14:42:30 URL:https://umbra.nascom.nasa.gov/punch/0/CR1/2026/03/16/PUNCH_L0_CR1_20260316044828_v0j.fits [1512000] -> "Real/0/CR1/2026/03/16/PUNCH_L0_CR1_20260316044828_v0j.fits" [1]
2026-07-30 14:42:31 URL:https://umbra.nascom.nasa.gov/punch/0/CR1/2026/03/16/PUNCH_L0_CR1_20260316044828_v0l.fits [1512000] -> "Real/0/CR1/2026/03/16/PUNCH_L0_CR1_20260316044828_v0l.fits" [1]
2026-07-30 14:42:31 URL:https://umbra.nascom.nasa.gov/punch/0/CR1/2026/03/16/PUNCH_L0_CR1_20260316045629_v0j.fits [1543680] -> "Real/0/CR1/2026/03/16/PUNCH_L0_CR1_20260316045629_v0j.fits" [1]
2026-07-30 14:42:32 URL:https://umbra.nascom.nasa.gov/punch/0/CR1/2026/03/16/PUNCH_L0_CR1_20260316045629_v0l.fits [1543680] -> "Real/0/CR1/2026/03/16/PUNCH_L0_CR1_20260316045629_v0l.fits" [1]
2026-07-30 14:42:32 URL:https://umbra.nascom.nasa.gov/punch/0/CR1/2026/03/16/PUNCH_L0_CR1_20260316050429_v0j.fits [1578240] -> "Real/0/CR1/2026/03/16/PUNCH_L0_CR1_20260316050429_v0j.fits" [1]
2026-07-30 14:42:33 URL:https://umbra.nascom.nasa.gov/punch/0/CR1/2026/03/16/PUNCH_L0_CR1_20260316050429_v0l.fits [1578240] -> "Real/0/CR1/2026/03/16/PUNCH_L0_CR1_20260316050429_v0l.fits" [1]
2026-07-30 14:42:33 URL:https://umbra.nascom.nasa.gov/punch/0/CR1/2026/03/16/PUNCH_L0_CR1_20260316051229_v0j.fits [1604160] -> "Real/0/CR1/2026/03/16/PUNCH_L0_CR1_20260316051229_v0j.fits" [1]
2026-07-30 14:42:34 URL:https://umbra.nascom.nasa.gov/punch/0/CR1/2026/03/16/PUNCH_L0_CR1_20260316051229_v0l.fits [1604160] -> "Real/0/CR1/2026/03/16/PUNCH_L0_CR1_20260316051229_v0l.fits" [1]
2026-07-30 14:42:34 URL:https://umbra.nascom.nasa.gov/punch/0/CR1/2026/03/16/PUNCH_L0_CR1_20260316052029_v0j.fits [1604160] -> "Real/0/CR1/2026/03/16/PUNCH_L0_CR1_20260316052029_v0j.fits" [1]
2026-07-30 14:42:35 URL:https://umbra.nascom.nasa.gov/punch/0/CR1/2026/03/16/PUNCH_L0_CR1_20260316052029_v0l.fits [1604160] -> "Real/0/CR1/2026/03/16/PUNCH_L0_CR1_20260316052029_v0l.fits" [1]
2026-07-30 14:42:35 URL:https://umbra.nascom.nasa.gov/punch/0/CR1/2026/03/16/PUNCH_L0_CR1_20260316052829_v0j.fits [1581120] -> "Real/0/CR1/2026/03/16/PUNCH_L0_CR1_20260316052829_v0j.fits" [1]
2026-07-30 14:42:36 URL:https://umbra.nascom.nasa.gov/punch/0/CR1/2026/03/16/PUNCH_L0_CR1_20260316052829_v0l.fits [1581120] -> "Real/0/CR1/2026/03/16/PUNCH_L0_CR1_20260316052829_v0l.fits" [1]
2026-07-30 14:42:36 URL:https://umbra.nascom.nasa.gov/punch/0/CR1/2026/03/16/PUNCH_L0_CR1_20260316053629_v0j.fits [1540800] -> "Real/0/CR1/2026/03/16/PUNCH_L0_CR1_20260316053629_v0j.fits" [1]
2026-07-30 14:42:37 URL:https://umbra.nascom.nasa.gov/punch/0/CR1/2026/03/16/PUNCH_L0_CR1_20260316053629_v0l.fits [1540800] -> "Real/0/CR1/2026/03/16/PUNCH_L0_CR1_20260316053629_v0l.fits" [1]
2026-07-30 14:42:37 URL:https://umbra.nascom.nasa.gov/punch/0/CR1/2026/03/16/PUNCH_L0_CR1_20260316054429_v0j.fits [1497600] -> "Real/0/CR1/2026/03/16/PUNCH_L0_CR1_20260316054429_v0j.fits" [1]
2026-07-30 14:42:38 URL:https://umbra.nascom.nasa.gov/punch/0/CR1/2026/03/16/PUNCH_L0_CR1_20260316054429_v0l.fits [1497600] -> "Real/0/CR1/2026/03/16/PUNCH_L0_CR1_20260316054429_v0l.fits" [1]
2026-07-30 14:42:38 URL:https://umbra.nascom.nasa.gov/punch/0/CR1/2026/03/16/PUNCH_L0_CR1_20260316055229_v0j.fits [1471680] -> "Real/0/CR1/2026/03/16/PUNCH_L0_CR1_20260316055229_v0j.fits" [1]
2026-07-30 14:42:39 URL:https://umbra.nascom.nasa.gov/punch/0/CR1/2026/03/16/PUNCH_L0_CR1_20260316055229_v0l.fits [1471680] -> "Real/0/CR1/2026/03/16/PUNCH_L0_CR1_20260316055229_v0l.fits" [1]
2026-07-30 14:42:39 URL:https://umbra.nascom.nasa.gov/punch/0/CR1/2026/03/16/PUNCH_L0_CR1_20260316060029_v0j.fits [1451520] -> "Real/0/CR1/2026/03/16/PUNCH_L0_CR1_20260316060029_v0j.fits" [1]
2026-07-30 14:42:40 URL:https://umbra.nascom.nasa.gov/punch/0/CR1/2026/03/16/PUNCH_L0_CR1_20260316060029_v0l.fits [1451520] -> "Real/0/CR1/2026/03/16/PUNCH_L0_CR1_20260316060029_v0l.fits" [1]
2026-07-30 14:42:40 URL:https://umbra.nascom.nasa.gov/punch/0/CR1/2026/03/16/PUNCH_L0_CR1_20260316060829_v0j.fits [1451520] -> "Real/0/CR1/2026/03/16/PUNCH_L0_CR1_20260316060829_v0j.fits" [1]
2026-07-30 14:42:40 URL:https://umbra.nascom.nasa.gov/punch/0/CR1/2026/03/16/PUNCH_L0_CR1_20260316060829_v0l.fits [1451520] -> "Real/0/CR1/2026/03/16/PUNCH_L0_CR1_20260316060829_v0l.fits" [1]
2026-07-30 14:42:41 URL:https://umbra.nascom.nasa.gov/punch/0/CR1/2026/03/16/PUNCH_L0_CR1_20260316061629_v0j.fits [1474560] -> "Real/0/CR1/2026/03/16/PUNCH_L0_CR1_20260316061629_v0j.fits" [1]
2026-07-30 14:42:41 URL:https://umbra.nascom.nasa.gov/punch/0/CR1/2026/03/16/PUNCH_L0_CR1_20260316061629_v0l.fits [1474560] -> "Real/0/CR1/2026/03/16/PUNCH_L0_CR1_20260316061629_v0l.fits" [1]
2026-07-30 14:42:42 URL:https://umbra.nascom.nasa.gov/punch/0/CR1/2026/03/16/PUNCH_L0_CR1_20260316062429_v0j.fits [1506240] -> "Real/0/CR1/2026/03/16/PUNCH_L0_CR1_20260316062429_v0j.fits" [1]
2026-07-30 14:42:42 URL:https://umbra.nascom.nasa.gov/punch/0/CR1/2026/03/16/PUNCH_L0_CR1_20260316062429_v0l.fits [1506240] -> "Real/0/CR1/2026/03/16/PUNCH_L0_CR1_20260316062429_v0l.fits" [1]
2026-07-30 14:42:43 URL:https://umbra.nascom.nasa.gov/punch/0/CR1/2026/03/16/PUNCH_L0_CR1_20260316063229_v0j.fits [1598400] -> "Real/0/CR1/2026/03/16/PUNCH_L0_CR1_20260316063229_v0j.fits" [1]
2026-07-30 14:42:43 URL:https://umbra.nascom.nasa.gov/punch/0/CR1/2026/03/16/PUNCH_L0_CR1_20260316063229_v0l.fits [1598400] -> "Real/0/CR1/2026/03/16/PUNCH_L0_CR1_20260316063229_v0l.fits" [1]
2026-07-30 14:42:44 URL:https://umbra.nascom.nasa.gov/punch/0/CR1/2026/03/16/PUNCH_L0_CR1_20260316064029_v0j.fits [1569600] -> "Real/0/CR1/2026/03/16/PUNCH_L0_CR1_20260316064029_v0j.fits" [1]
2026-07-30 14:42:44 URL:https://umbra.nascom.nasa.gov/punch/0/CR1/2026/03/16/PUNCH_L0_CR1_20260316064029_v0l.fits [1569600] -> "Real/0/CR1/2026/03/16/PUNCH_L0_CR1_20260316064029_v0l.fits" [1]
2026-07-30 14:42:45 URL:https://umbra.nascom.nasa.gov/punch/0/CR1/2026/03/16/PUNCH_L0_CR1_20260316064829_v0j.fits [1604160] -> "Real/0/CR1/2026/03/16/PUNCH_L0_CR1_20260316064829_v0j.fits" [1]
2026-07-30 14:42:45 URL:https://umbra.nascom.nasa.gov/punch/0/CR1/2026/03/16/PUNCH_L0_CR1_20260316064829_v0l.fits [1604160] -> "Real/0/CR1/2026/03/16/PUNCH_L0_CR1_20260316064829_v0l.fits" [1]
2026-07-30 14:42:46 URL:https://umbra.nascom.nasa.gov/punch/0/CR1/2026/03/16/PUNCH_L0_CR1_20260316065629_v0j.fits [1604160] -> "Real/0/CR1/2026/03/16/PUNCH_L0_CR1_20260316065629_v0j.fits" [1]
2026-07-30 14:42:46 URL:https://umbra.nascom.nasa.gov/punch/0/CR1/2026/03/16/PUNCH_L0_CR1_20260316065629_v0l.fits [1604160] -> "Real/0/CR1/2026/03/16/PUNCH_L0_CR1_20260316065629_v0l.fits" [1]
2026-07-30 14:42:47 URL:https://umbra.nascom.nasa.gov/punch/0/CR1/2026/03/16/PUNCH_L0_CR1_20260316070429_v0j.fits [1589760] -> "Real/0/CR1/2026/03/16/PUNCH_L0_CR1_20260316070429_v0j.fits" [1]
2026-07-30 14:42:47 URL:https://umbra.nascom.nasa.gov/punch/0/CR1/2026/03/16/PUNCH_L0_CR1_20260316070429_v0l.fits [1589760] -> "Real/0/CR1/2026/03/16/PUNCH_L0_CR1_20260316070429_v0l.fits" [1]
2026-07-30 14:42:48 URL:https://umbra.nascom.nasa.gov/punch/0/CR1/2026/03/16/PUNCH_L0_CR1_20260316071229_v0j.fits [1552320] -> "Real/0/CR1/2026/03/16/PUNCH_L0_CR1_20260316071229_v0j.fits" [1]
2026-07-30 14:57:50 URL:https://umbra.nascom.nasa.gov/punch/0/CR1/2026/03/16/PUNCH_L0_CR1_20260316071229_v0l.fits [1552320/1552320] -> "Real/0/CR1/2026/03/16/PUNCH_L0_CR1_20260316071229_v0l.fits" [2]
2026-07-30 15:12:53 URL:https://umbra.nascom.nasa.gov/punch/0/CR1/2026/03/16/PUNCH_L0_CR1_20260316072029_v0j.fits [1509120/1509120] -> "Real/0/CR1/2026/03/16/PUNCH_L0_CR1_20260316072029_v0j.fits" [2]
2026-07-30 15:12:54 URL:https://umbra.nascom.nasa.gov/punch/0/CR1/2026/03/16/PUNCH_L0_CR1_20260316072029_v0l.fits [1509120] -> "Real/0/CR1/2026/03/16/PUNCH_L0_CR1_20260316072029_v0l.fits" [1]
2026-07-30 15:12:55 URL:https://umbra.nascom.nasa.gov/punch/0/CR1/2026/03/16/PUNCH_L0_CR1_20260316072829_v0j.fits [1477440] -> "Real/0/CR1/2026/03/16/PUNCH_L0_CR1_20260316072829_v0j.fits" [1]
2026-07-30 15:12:55 URL:https://umbra.nascom.nasa.gov/punch/0/CR1/2026/03/16/PUNCH_L0_CR1_20260316072829_v0l.fits [1477440] -> "Real/0/CR1/2026/03/16/PUNCH_L0_CR1_20260316072829_v0l.fits" [1]
2026-07-30 15:12:56 URL:https://umbra.nascom.nasa.gov/punch/0/CR1/2026/03/16/PUNCH_L0_CR1_20260316073629_v0j.fits [1457280] -> "Real/0/CR1/2026/03/16/PUNCH_L0_CR1_20260316073629_v0j.fits" [1]
2026-07-30 15:12:56 URL:https://umbra.nascom.nasa.gov/punch/0/CR1/2026/03/16/PUNCH_L0_CR1_20260316073629_v0l.fits [1457280] -> "Real/0/CR1/2026/03/16/PUNCH_L0_CR1_20260316073629_v0l.fits" [1]
2026-07-30 15:12:58 URL:https://umbra.nascom.nasa.gov/punch/0/CR1/2026/03/16/PUNCH_L0_CR1_20260316074429_v0j.fits [1451520] -> "Real/0/CR1/2026/03/16/PUNCH_L0_CR1_20260316074429_v0j.fits" [1]
2026-07-30 15:12:58 URL:https://umbra.nascom.nasa.gov/punch/0/CR1/2026/03/16/PUNCH_L0_CR1_20260316074429_v0l.fits [1451520] -> "Real/0/CR1/2026/03/16/PUNCH_L0_CR1_20260316074429_v0l.fits" [1]
2026-07-30 15:12:59 URL:https://umbra.nascom.nasa.gov/punch/0/CR1/2026/03/16/PUNCH_L0_CR1_20260316075229_v0j.fits [1468800] -> "Real/0/CR1/2026/03/16/PUNCH_L0_CR1_20260316075229_v0j.fits" [1]
2026-07-30 15:13:00 URL:https://umbra.nascom.nasa.gov/punch/0/CR1/2026/03/16/PUNCH_L0_CR1_20260316075229_v0l.fits [1468800] -> "Real/0/CR1/2026/03/16/PUNCH_L0_CR1_20260316075229_v0l.fits" [1]
2026-07-30 15:13:00 URL:https://umbra.nascom.nasa.gov/punch/0/CR1/2026/03/16/PUNCH_L0_CR1_20260316080029_v0j.fits [1500480] -> "Real/0/CR1/2026/03/16/PUNCH_L0_CR1_20260316080029_v0j.fits" [1]
2026-07-30 15:13:01 URL:https://umbra.nascom.nasa.gov/punch/0/CR1/2026/03/16/PUNCH_L0_CR1_20260316080029_v0l.fits [1500480] -> "Real/0/CR1/2026/03/16/PUNCH_L0_CR1_20260316080029_v0l.fits" [1]
2026-07-30 15:13:01 URL:https://umbra.nascom.nasa.gov/punch/0/CR1/2026/03/16/PUNCH_L0_CR1_20260316080828_v0j.fits [1716480] -> "Real/0/CR1/2026/03/16/PUNCH_L0_CR1_20260316080828_v0j.fits" [1]
2026-07-30 15:13:02 URL:https://umbra.nascom.nasa.gov/punch/0/CR1/2026/03/16/PUNCH_L0_CR1_20260316080828_v0l.fits [1716480] -> "Real/0/CR1/2026/03/16/PUNCH_L0_CR1_20260316080828_v0l.fits" [1]
2026-07-30 15:13:02 URL:https://umbra.nascom.nasa.gov/punch/0/CR1/2026/03/16/PUNCH_L0_CR1_20260316081629_v0j.fits [1578240] -> "Real/0/CR1/2026/03/16/PUNCH_L0_CR1_20260316081629_v0j.fits" [1]
2026-07-30 15:13:03 URL:https://umbra.nascom.nasa.gov/punch/0/CR1/2026/03/16/PUNCH_L0_CR1_20260316081629_v0l.fits [1578240] -> "Real/0/CR1/2026/03/16/PUNCH_L0_CR1_20260316081629_v0l.fits" [1]
2026-07-30 15:13:03 URL:https://umbra.nascom.nasa.gov/punch/0/CR1/2026/03/16/PUNCH_L0_CR1_20260316082429_v0j.fits [1598400] -> "Real/0/CR1/2026/03/16/PUNCH_L0_CR1_20260316082429_v0j.fits" [1]
2026-07-30 15:13:04 URL:https://umbra.nascom.nasa.gov/punch/0/CR1/2026/03/16/PUNCH_L0_CR1_20260316082429_v0l.fits [1598400] -> "Real/0/CR1/2026/03/16/PUNCH_L0_CR1_20260316082429_v0l.fits" [1]
2026-07-30 15:13:04 URL:https://umbra.nascom.nasa.gov/punch/0/CR1/2026/03/16/PUNCH_L0_CR1_20260316083228_v0j.fits [1604160] -> "Real/0/CR1/2026/03/16/PUNCH_L0_CR1_20260316083228_v0j.fits" [1]
2026-07-30 15:13:05 URL:https://umbra.nascom.nasa.gov/punch/0/CR1/2026/03/16/PUNCH_L0_CR1_20260316083228_v0l.fits [1604160] -> "Real/0/CR1/2026/03/16/PUNCH_L0_CR1_20260316083228_v0l.fits" [1]
2026-07-30 15:13:05 URL:https://umbra.nascom.nasa.gov/punch/0/CR1/2026/03/16/PUNCH_L0_CR1_20260316084029_v0j.fits [1595520] -> "Real/0/CR1/2026/03/16/PUNCH_L0_CR1_20260316084029_v0j.fits" [1]
2026-07-30 15:13:06 URL:https://umbra.nascom.nasa.gov/punch/0/CR1/2026/03/16/PUNCH_L0_CR1_20260316084029_v0l.fits [1595520] -> "Real/0/CR1/2026/03/16/PUNCH_L0_CR1_20260316084029_v0l.fits" [1]
2026-07-30 15:13:06 URL:https://umbra.nascom.nasa.gov/punch/0/CR1/2026/03/16/PUNCH_L0_CR1_20260316084829_v0j.fits [1563840] -> "Real/0/CR1/2026/03/16/PUNCH_L0_CR1_20260316084829_v0j.fits" [1]
2026-07-30 15:13:07 URL:https://umbra.nascom.nasa.gov/punch/0/CR1/2026/03/16/PUNCH_L0_CR1_20260316084829_v0l.fits [1563840] -> "Real/0/CR1/2026/03/16/PUNCH_L0_CR1_20260316084829_v0l.fits" [1]
2026-07-30 15:13:07 URL:https://umbra.nascom.nasa.gov/punch/0/CR1/2026/03/16/PUNCH_L0_CR1_20260316085629_v0j.fits [1517760] -> "Real/0/CR1/2026/03/16/PUNCH_L0_CR1_20260316085629_v0j.fits" [1]
2026-07-30 15:13:08 URL:https://umbra.nascom.nasa.gov/punch/0/CR1/2026/03/16/PUNCH_L0_CR1_20260316085629_v0l.fits [1517760] -> "Real/0/CR1/2026/03/16/PUNCH_L0_CR1_20260316085629_v0l.fits" [1]
2026-07-30 15:13:08 URL:https://umbra.nascom.nasa.gov/punch/0/CR1/2026/03/16/PUNCH_L0_CR1_20260316090429_v0j.fits [1483200] -> "Real/0/CR1/2026/03/16/PUNCH_L0_CR1_20260316090429_v0j.fits" [1]
2026-07-30 15:13:09 URL:https://umbra.nascom.nasa.gov/punch/0/CR1/2026/03/16/PUNCH_L0_CR1_20260316090429_v0l.fits [1483200] -> "Real/0/CR1/2026/03/16/PUNCH_L0_CR1_20260316090429_v0l.fits" [1]
2026-07-30 15:13:10 URL:https://umbra.nascom.nasa.gov/punch/0/CR1/2026/03/16/PUNCH_L0_CR1_20260316091229_v0j.fits [1460160] -> "Real/0/CR1/2026/03/16/PUNCH_L0_CR1_20260316091229_v0j.fits" [1]
2026-07-30 15:13:10 URL:https://umbra.nascom.nasa.gov/punch/0/CR1/2026/03/16/PUNCH_L0_CR1_20260316091229_v0l.fits [1460160] -> "Real/0/CR1/2026/03/16/PUNCH_L0_CR1_20260316091229_v0l.fits" [1]
2026-07-30 15:13:11 URL:https://umbra.nascom.nasa.gov/punch/0/CR1/2026/03/16/PUNCH_L0_CR1_20260316092029_v0j.fits [1448640] -> "Real/0/CR1/2026/03/16/PUNCH_L0_CR1_20260316092029_v0j.fits" [1]
2026-07-30 15:13:11 URL:https://umbra.nascom.nasa.gov/punch/0/CR1/2026/03/16/PUNCH_L0_CR1_20260316092029_v0l.fits [1448640] -> "Real/0/CR1/2026/03/16/PUNCH_L0_CR1_20260316092029_v0l.fits" [1]
2026-07-30 15:13:12 URL:https://umbra.nascom.nasa.gov/punch/0/CR1/2026/03/16/PUNCH_L0_CR1_20260316092829_v0j.fits [1463040] -> "Real/0/CR1/2026/03/16/PUNCH_L0_CR1_20260316092829_v0j.fits" [1]
2026-07-30 15:13:13 URL:https://umbra.nascom.nasa.gov/punch/0/CR1/2026/03/16/PUNCH_L0_CR1_20260316092829_v0l.fits [1463040] -> "Real/0/CR1/2026/03/16/PUNCH_L0_CR1_20260316092829_v0l.fits" [1]
2026-07-30 15:13:15 URL:https://umbra.nascom.nasa.gov/punch/0/CR1/2026/03/16/PUNCH_L0_CR1_20260316093629_v0j.fits [1491840] -> "Real/0/CR1/2026/03/16/PUNCH_L0_CR1_20260316093629_v0j.fits" [1]
2026-07-30 15:13:15 URL:https://umbra.nascom.nasa.gov/punch/0/CR1/2026/03/16/PUNCH_L0_CR1_20260316093629_v0l.fits [1491840] -> "Real/0/CR1/2026/03/16/PUNCH_L0_CR1_20260316093629_v0l.fits" [1]
2026-07-30 15:13:16 URL:https://umbra.nascom.nasa.gov/punch/0/CR1/2026/03/16/PUNCH_L0_CR1_20260316094428_v0j.fits [1903680] -> "Real/0/CR1/2026/03/16/PUNCH_L0_CR1_20260316094428_v0j.fits" [1]
2026-07-30 15:13:17 URL:https://umbra.nascom.nasa.gov/punch/0/CR1/2026/03/16/PUNCH_L0_CR1_20260316094428_v0l.fits [1903680] -> "Real/0/CR1/2026/03/16/PUNCH_L0_CR1_20260316094428_v0l.fits" [1]
2026-07-30 15:13:18 URL:https://umbra.nascom.nasa.gov/punch/0/CR1/2026/03/16/PUNCH_L0_CR1_20260316095229_v0j.fits [1771200] -> "Real/0/CR1/2026/03/16/PUNCH_L0_CR1_20260316095229_v0j.fits" [1]
2026-07-30 15:13:19 URL:https://umbra.nascom.nasa.gov/punch/0/CR1/2026/03/16/PUNCH_L0_CR1_20260316095229_v0l.fits [1771200] -> "Real/0/CR1/2026/03/16/PUNCH_L0_CR1_20260316095229_v0l.fits" [1]
2026-07-30 15:13:20 URL:https://umbra.nascom.nasa.gov/punch/0/CR1/2026/03/16/PUNCH_L0_CR1_20260316100029_v0j.fits [1589760] -> "Real/0/CR1/2026/03/16/PUNCH_L0_CR1_20260316100029_v0j.fits" [1]
2026-07-30 15:13:20 URL:https://umbra.nascom.nasa.gov/punch/0/CR1/2026/03/16/PUNCH_L0_CR1_20260316100029_v0l.fits [1589760] -> "Real/0/CR1/2026/03/16/PUNCH_L0_CR1_20260316100029_v0l.fits" [1]
2026-07-30 15:13:21 URL:https://umbra.nascom.nasa.gov/punch/0/CR1/2026/03/16/PUNCH_L0_CR1_20260316100829_v0j.fits [1607040] -> "Real/0/CR1/2026/03/16/PUNCH_L0_CR1_20260316100829_v0j.fits" [1]
2026-07-30 15:13:22 URL:https://umbra.nascom.nasa.gov/punch/0/CR1/2026/03/16/PUNCH_L0_CR1_20260316100829_v0l.fits [1607040] -> "Real/0/CR1/2026/03/16/PUNCH_L0_CR1_20260316100829_v0l.fits" [1]
2026-07-30 15:13:22 URL:https://umbra.nascom.nasa.gov/punch/0/CR1/2026/03/16/PUNCH_L0_CR1_20260316101629_v0j.fits [1601280] -> "Real/0/CR1/2026/03/16/PUNCH_L0_CR1_20260316101629_v0j.fits" [1]
2026-07-30 15:28:25 URL:https://umbra.nascom.nasa.gov/punch/0/CR1/2026/03/16/PUNCH_L0_CR1_20260316101629_v0l.fits [1601280/1601280] -> "Real/0/CR1/2026/03/16/PUNCH_L0_CR1_20260316101629_v0l.fits" [2]
2026-07-30 15:28:26 URL:https://umbra.nascom.nasa.gov/punch/0/CR1/2026/03/16/PUNCH_L0_CR1_20260316102429_v0j.fits [1569600] -> "Real/0/CR1/2026/03/16/PUNCH_L0_CR1_20260316102429_v0j.fits" [1]
2026-07-30 15:28:27 URL:https://umbra.nascom.nasa.gov/punch/0/CR1/2026/03/16/PUNCH_L0_CR1_20260316102429_v0l.fits [1569600] -> "Real/0/CR1/2026/03/16/PUNCH_L0_CR1_20260316102429_v0l.fits" [1]
2026-07-30 15:28:28 URL:https://umbra.nascom.nasa.gov/punch/0/CR1/2026/03/16/PUNCH_L0_CR1_20260316103229_v0j.fits [1526400] -> "Real/0/CR1/2026/03/16/PUNCH_L0_CR1_20260316103229_v0j.fits" [1]
2026-07-30 15:28:30 URL:https://umbra.nascom.nasa.gov/punch/0/CR1/2026/03/16/PUNCH_L0_CR1_20260316103229_v0l.fits [1526400] -> "Real/0/CR1/2026/03/16/PUNCH_L0_CR1_20260316103229_v0l.fits" [1]
2026-07-30 15:28:31 URL:https://umbra.nascom.nasa.gov/punch/0/CR1/2026/03/16/PUNCH_L0_CR1_20260316104029_v0j.fits [1488960] -> "Real/0/CR1/2026/03/16/PUNCH_L0_CR1_20260316104029_v0j.fits" [1]
2026-07-30 15:28:31 URL:https://umbra.nascom.nasa.gov/punch/0/CR1/2026/03/16/PUNCH_L0_CR1_20260316104029_v0l.fits [1488960] -> "Real/0/CR1/2026/03/16/PUNCH_L0_CR1_20260316104029_v0l.fits" [1]
2026-07-30 15:28:32 URL:https://umbra.nascom.nasa.gov/punch/0/CR1/2026/03/16/PUNCH_L0_CR1_20260316104829_v0j.fits [1465920] -> "Real/0/CR1/2026/03/16/PUNCH_L0_CR1_20260316104829_v0j.fits" [1]
2026-07-30 15:28:32 URL:https://umbra.nascom.nasa.gov/punch/0/CR1/2026/03/16/PUNCH_L0_CR1_20260316104829_v0l.fits [1465920] -> "Real/0/CR1/2026/03/16/PUNCH_L0_CR1_20260316104829_v0l.fits" [1]
2026-07-30 15:28:33 URL:https://umbra.nascom.nasa.gov/punch/0/CR1/2026/03/16/PUNCH_L0_CR1_20260316105629_v0j.fits [1451520] -> "Real/0/CR1/2026/03/16/PUNCH_L0_CR1_20260316105629_v0j.fits" [1]
2026-07-30 15:28:34 URL:https://umbra.nascom.nasa.gov/punch/0/CR1/2026/03/16/PUNCH_L0_CR1_20260316105629_v0l.fits [1451520] -> "Real/0/CR1/2026/03/16/PUNCH_L0_CR1_20260316105629_v0l.fits" [1]
2026-07-30 15:28:34 URL:https://umbra.nascom.nasa.gov/punch/0/CR1/2026/03/16/PUNCH_L0_CR1_20260316110429_v0j.fits [1457280] -> "Real/0/CR1/2026/03/16/PUNCH_L0_CR1_20260316110429_v0j.fits" [1]
2026-07-30 15:28:35 URL:https://umbra.nascom.nasa.gov/punch/0/CR1/2026/03/16/PUNCH_L0_CR1_20260316110429_v0l.fits [1457280] -> "Real/0/CR1/2026/03/16/PUNCH_L0_CR1_20260316110429_v0l.fits" [1]
2026-07-30 15:28:35 URL:https://umbra.nascom.nasa.gov/punch/0/CR1/2026/03/16/PUNCH_L0_CR1_20260316111229_v0j.fits [1491840] -> "Real/0/CR1/2026/03/16/PUNCH_L0_CR1_20260316111229_v0j.fits" [1]
2026-07-30 15:28:36 URL:https://umbra.nascom.nasa.gov/punch/0/CR1/2026/03/16/PUNCH_L0_CR1_20260316111229_v0l.fits [1491840] -> "Real/0/CR1/2026/03/16/PUNCH_L0_CR1_20260316111229_v0l.fits" [1]
2026-07-30 15:28:37 URL:https://umbra.nascom.nasa.gov/punch/0/CR1/2026/03/16/PUNCH_L0_CR1_20260316112029_v0j.fits [1526400] -> "Real/0/CR1/2026/03/16/PUNCH_L0_CR1_20260316112029_v0j.fits" [1]
2026-07-30 15:28:37 URL:https://umbra.nascom.nasa.gov/punch/0/CR1/2026/03/16/PUNCH_L0_CR1_20260316112029_v0l.fits [1526400] -> "Real/0/CR1/2026/03/16/PUNCH_L0_CR1_20260316112029_v0l.fits" [1]
2026-07-30 15:28:38 URL:https://umbra.nascom.nasa.gov/punch/0/CR1/2026/03/16/PUNCH_L0_CR1_20260316112829_v0j.fits [1650240] -> "Real/0/CR1/2026/03/16/PUNCH_L0_CR1_20260316112829_v0j.fits" [1]
2026-07-30 15:28:38 URL:https://umbra.nascom.nasa.gov/punch/0/CR1/2026/03/16/PUNCH_L0_CR1_20260316112829_v0l.fits [1650240] -> "Real/0/CR1/2026/03/16/PUNCH_L0_CR1_20260316112829_v0l.fits" [1]
2026-07-30 15:28:39 URL:https://umbra.nascom.nasa.gov/punch/0/CR1/2026/03/16/PUNCH_L0_CR1_20260316113629_v0j.fits [1581120] -> "Real/0/CR1/2026/03/16/PUNCH_L0_CR1_20260316113629_v0j.fits" [1]
2026-07-30 15:28:40 URL:https://umbra.nascom.nasa.gov/punch/0/CR1/2026/03/16/PUNCH_L0_CR1_20260316113629_v0l.fits [1581120] -> "Real/0/CR1/2026/03/16/PUNCH_L0_CR1_20260316113629_v0l.fits" [1]
2026-07-30 15:28:40 URL:https://umbra.nascom.nasa.gov/punch/0/CR1/2026/03/16/PUNCH_L0_CR1_20260316114429_v0j.fits [1604160] -> "Real/0/CR1/2026/03/16/PUNCH_L0_CR1_20260316114429_v0j.fits" [1]
2026-07-30 15:28:41 URL:https://umbra.nascom.nasa.gov/punch/0/CR1/2026/03/16/PUNCH_L0_CR1_20260316114429_v0l.fits [1604160] -> "Real/0/CR1/2026/03/16/PUNCH_L0_CR1_20260316114429_v0l.fits" [1]
2026-07-30 15:28:42 URL:https://umbra.nascom.nasa.gov/punch/0/CR1/2026/03/16/PUNCH_L0_CR1_20260316115229_v0j.fits [1601280] -> "Real/0/CR1/2026/03/16/PUNCH_L0_CR1_20260316115229_v0j.fits" [1]
2026-07-30 15:28:42 URL:https://umbra.nascom.nasa.gov/punch/0/CR1/2026/03/16/PUNCH_L0_CR1_20260316115229_v0l.fits [1601280] -> "Real/0/CR1/2026/03/16/PUNCH_L0_CR1_20260316115229_v0l.fits" [1]
2026-07-30 15:28:43 URL:https://umbra.nascom.nasa.gov/punch/0/CR1/2026/03/16/PUNCH_L0_CR1_20260316120029_v0j.fits [1578240] -> "Real/0/CR1/2026/03/16/PUNCH_L0_CR1_20260316120029_v0j.fits" [1]
2026-07-30 15:28:44 URL:https://umbra.nascom.nasa.gov/punch/0/CR1/2026/03/16/PUNCH_L0_CR1_20260316120029_v0l.fits [1578240] -> "Real/0/CR1/2026/03/16/PUNCH_L0_CR1_20260316120029_v0l.fits" [1]
2026-07-30 15:28:44 URL:https://umbra.nascom.nasa.gov/punch/0/CR1/2026/03/16/PUNCH_L0_CR1_20260316120829_v0j.fits [1535040] -> "Real/0/CR1/2026/03/16/PUNCH_L0_CR1_20260316120829_v0j.fits" [1]
2026-07-30 15:28:45 URL:https://umbra.nascom.nasa.gov/punch/0/CR1/2026/03/16/PUNCH_L0_CR1_20260316120829_v0l.fits [1535040] -> "Real/0/CR1/2026/03/16/PUNCH_L0_CR1_20260316120829_v0l.fits" [1]
2026-07-30 15:28:45 URL:https://umbra.nascom.nasa.gov/punch/0/CR1/2026/03/16/PUNCH_L0_CR1_20260316121629_v0j.fits [1494720] -> "Real/0/CR1/2026/03/16/PUNCH_L0_CR1_20260316121629_v0j.fits" [1]
2026-07-30 15:28:46 URL:https://umbra.nascom.nasa.gov/punch/0/CR1/2026/03/16/PUNCH_L0_CR1_20260316121629_v0l.fits [1494720] -> "Real/0/CR1/2026/03/16/PUNCH_L0_CR1_20260316121629_v0l.fits" [1]
2026-07-30 15:28:47 URL:https://umbra.nascom.nasa.gov/punch/0/CR1/2026/03/16/PUNCH_L0_CR1_20260316122429_v0j.fits [1468800] -> "Real/0/CR1/2026/03/16/PUNCH_L0_CR1_20260316122429_v0j.fits" [1]
2026-07-30 15:28:47 URL:https://umbra.nascom.nasa.gov/punch/0/CR1/2026/03/16/PUNCH_L0_CR1_20260316122429_v0l.fits [1468800] -> "Real/0/CR1/2026/03/16/PUNCH_L0_CR1_20260316122429_v0l.fits" [1]
2026-07-30 15:28:48 URL:https://umbra.nascom.nasa.gov/punch/0/CR1/2026/03/16/PUNCH_L0_CR1_20260316123229_v0j.fits [1451520] -> "Real/0/CR1/2026/03/16/PUNCH_L0_CR1_20260316123229_v0j.fits" [1]
2026-07-30 15:28:49 URL:https://umbra.nascom.nasa.gov/punch/0/CR1/2026/03/16/PUNCH_L0_CR1_20260316123229_v0l.fits [1451520] -> "Real/0/CR1/2026/03/16/PUNCH_L0_CR1_20260316123229_v0l.fits" [1]
2026-07-30 15:28:50 URL:https://umbra.nascom.nasa.gov/punch/0/CR1/2026/03/16/PUNCH_L0_CR1_20260316124029_v0j.fits [1454400] -> "Real/0/CR1/2026/03/16/PUNCH_L0_CR1_20260316124029_v0j.fits" [1]
2026-07-30 15:28:50 URL:https://umbra.nascom.nasa.gov/punch/0/CR1/2026/03/16/PUNCH_L0_CR1_20260316124029_v0l.fits [1454400] -> "Real/0/CR1/2026/03/16/PUNCH_L0_CR1_20260316124029_v0l.fits" [1]
2026-07-30 15:28:51 URL:https://umbra.nascom.nasa.gov/punch/0/CR1/2026/03/16/PUNCH_L0_CR1_20260316124829_v0j.fits [1480320] -> "Real/0/CR1/2026/03/16/PUNCH_L0_CR1_20260316124829_v0j.fits" [1]
2026-07-30 15:28:52 URL:https://umbra.nascom.nasa.gov/punch/0/CR1/2026/03/16/PUNCH_L0_CR1_20260316124829_v0l.fits [1480320] -> "Real/0/CR1/2026/03/16/PUNCH_L0_CR1_20260316124829_v0l.fits" [1]
2026-07-30 15:28:53 URL:https://umbra.nascom.nasa.gov/punch/0/CR1/2026/03/16/PUNCH_L0_CR1_20260316125629_v0j.fits [1506240] -> "Real/0/CR1/2026/03/16/PUNCH_L0_CR1_20260316125629_v0j.fits" [1]
2026-07-30 15:28:54 URL:https://umbra.nascom.nasa.gov/punch/0/CR1/2026/03/16/PUNCH_L0_CR1_20260316125629_v0l.fits [1506240] -> "Real/0/CR1/2026/03/16/PUNCH_L0_CR1_20260316125629_v0l.fits" [1]
2026-07-30 15:28:54 URL:https://umbra.nascom.nasa.gov/punch/0/CR1/2026/03/16/PUNCH_L0_CR1_20260316130429_v0j.fits [1537920] -> "Real/0/CR1/2026/03/16/PUNCH_L0_CR1_20260316130429_v0j.fits" [1]
2026-07-30 15:28:55 URL:https://umbra.nascom.nasa.gov/punch/0/CR1/2026/03/16/PUNCH_L0_CR1_20260316130429_v0l.fits [1537920] -> "Real/0/CR1/2026/03/16/PUNCH_L0_CR1_20260316130429_v0l.fits" [1]
2026-07-30 15:28:56 URL:https://umbra.nascom.nasa.gov/punch/0/CR1/2026/03/16/PUNCH_L0_CR1_20260316131229_v0j.fits [1575360] -> "Real/0/CR1/2026/03/16/PUNCH_L0_CR1_20260316131229_v0j.fits" [1]
2026-07-30 15:28:57 URL:https://umbra.nascom.nasa.gov/punch/0/CR1/2026/03/16/PUNCH_L0_CR1_20260316131229_v0l.fits [1575360] -> "Real/0/CR1/2026/03/16/PUNCH_L0_CR1_20260316131229_v0l.fits" [1]
2026-07-30 15:28:57 URL:https://umbra.nascom.nasa.gov/punch/0/CR1/2026/03/16/PUNCH_L0_CR1_20260316132029_v0j.fits [1604160] -> "Real/0/CR1/2026/03/16/PUNCH_L0_CR1_20260316132029_v0j.fits" [1]
2026-07-30 15:28:58 URL:https://umbra.nascom.nasa.gov/punch/0/CR1/2026/03/16/PUNCH_L0_CR1_20260316132029_v0l.fits [1604160] -> "Real/0/CR1/2026/03/16/PUNCH_L0_CR1_20260316132029_v0l.fits" [1]
2026-07-30 15:28:59 URL:https://umbra.nascom.nasa.gov/punch/0/CR1/2026/03/16/PUNCH_L0_CR1_20260316132829_v0j.fits [1604160] -> "Real/0/CR1/2026/03/16/PUNCH_L0_CR1_20260316132829_v0j.fits" [1]
2026-07-30 15:29:00 URL:https://umbra.nascom.nasa.gov/punch/0/CR1/2026/03/16/PUNCH_L0_CR1_20260316132829_v0l.fits [1604160] -> "Real/0/CR1/2026/03/16/PUNCH_L0_CR1_20260316132829_v0l.fits" [1]
2026-07-30 15:29:01 URL:https://umbra.nascom.nasa.gov/punch/0/CR1/2026/03/16/PUNCH_L0_CR1_20260316133629_v0j.fits [1586880] -> "Real/0/CR1/2026/03/16/PUNCH_L0_CR1_20260316133629_v0j.fits" [1]
2026-07-30 15:29:01 URL:https://umbra.nascom.nasa.gov/punch/0/CR1/2026/03/16/PUNCH_L0_CR1_20260316133629_v0l.fits [1586880] -> "Real/0/CR1/2026/03/16/PUNCH_L0_CR1_20260316133629_v0l.fits" [1]
2026-07-30 16:14:10 URL:https://umbra.nascom.nasa.gov/punch/0/CR1/2026/03/16/PUNCH_L0_CR1_20260316134429_v0j.fits [1546560/1546560] -> "Real/0/CR1/2026/03/16/PUNCH_L0_CR1_20260316134429_v0j.fits" [4]
2026-07-30 16:14:11 URL:https://umbra.nascom.nasa.gov/punch/0/CR1/2026/03/16/PUNCH_L0_CR1_20260316134429_v0l.fits [1546560] -> "Real/0/CR1/2026/03/16/PUNCH_L0_CR1_20260316134429_v0l.fits" [1]
2026-07-30 16:14:12 URL:https://umbra.nascom.nasa.gov/punch/0/CR1/2026/03/16/PUNCH_L0_CR1_20260316135229_v0j.fits [1503360] -> "Real/0/CR1/2026/03/16/PUNCH_L0_CR1_20260316135229_v0j.fits" [1]
2026-07-30 16:14:13 URL:https://umbra.nascom.nasa.gov/punch/0/CR1/2026/03/16/PUNCH_L0_CR1_20260316135229_v0l.fits [1503360] -> "Real/0/CR1/2026/03/16/PUNCH_L0_CR1_20260316135229_v0l.fits" [1]
2026-07-30 16:14:13 URL:https://umbra.nascom.nasa.gov/punch/0/CR1/2026/03/16/PUNCH_L0_CR1_20260316140029_v0j.fits [1474560] -> "Real/0/CR1/2026/03/16/PUNCH_L0_CR1_20260316140029_v0j.fits" [1]
2026-07-30 16:14:14 URL:https://umbra.nascom.nasa.gov/punch/0/CR1/2026/03/16/PUNCH_L0_CR1_20260316140029_v0l.fits [1474560] -> "Real/0/CR1/2026/03/16/PUNCH_L0_CR1_20260316140029_v0l.fits" [1]
2026-07-30 16:14:15 URL:https://umbra.nascom.nasa.gov/punch/0/CR1/2026/03/16/PUNCH_L0_CR1_20260316140829_v0j.fits [1454400] -> "Real/0/CR1/2026/03/16/PUNCH_L0_CR1_20260316140829_v0j.fits" [1]
2026-07-30 16:14:16 URL:https://umbra.nascom.nasa.gov/punch/0/CR1/2026/03/16/PUNCH_L0_CR1_20260316140829_v0l.fits [1454400] -> "Real/0/CR1/2026/03/16/PUNCH_L0_CR1_20260316140829_v0l.fits" [1]
2026-07-30 16:14:17 URL:https://umbra.nascom.nasa.gov/punch/0/CR1/2026/03/16/PUNCH_L0_CR1_20260316141629_v0j.fits [1451520] -> "Real/0/CR1/2026/03/16/PUNCH_L0_CR1_20260316141629_v0j.fits" [1]
2026-07-30 16:14:17 URL:https://umbra.nascom.nasa.gov/punch/0/CR1/2026/03/16/PUNCH_L0_CR1_20260316141629_v0l.fits [1451520] -> "Real/0/CR1/2026/03/16/PUNCH_L0_CR1_20260316141629_v0l.fits" [1]
2026-07-30 16:14:18 URL:https://umbra.nascom.nasa.gov/punch/0/CR1/2026/03/16/PUNCH_L0_CR1_20260316142429_v0j.fits [1474560] -> "Real/0/CR1/2026/03/16/PUNCH_L0_CR1_20260316142429_v0j.fits" [1]
2026-07-30 16:14:19 URL:https://umbra.nascom.nasa.gov/punch/0/CR1/2026/03/16/PUNCH_L0_CR1_20260316142429_v0l.fits [1474560] -> "Real/0/CR1/2026/03/16/PUNCH_L0_CR1_20260316142429_v0l.fits" [1]
2026-07-30 16:14:20 URL:https://umbra.nascom.nasa.gov/punch/0/CR1/2026/03/16/PUNCH_L0_CR1_20260316143229_v0j.fits [1509120] -> "Real/0/CR1/2026/03/16/PUNCH_L0_CR1_20260316143229_v0j.fits" [1]
2026-07-30 16:14:21 URL:https://umbra.nascom.nasa.gov/punch/0/CR1/2026/03/16/PUNCH_L0_CR1_20260316143229_v0l.fits [1509120] -> "Real/0/CR1/2026/03/16/PUNCH_L0_CR1_20260316143229_v0l.fits" [1]
2026-07-30 16:14:22 URL:https://umbra.nascom.nasa.gov/punch/0/CR1/2026/03/16/PUNCH_L0_CR1_20260316144029_v0j.fits [1532160] -> "Real/0/CR1/2026/03/16/PUNCH_L0_CR1_20260316144029_v0j.fits" [1]
2026-07-30 16:14:22 URL:https://umbra.nascom.nasa.gov/punch/0/CR1/2026/03/16/PUNCH_L0_CR1_20260316144029_v0l.fits [1532160] -> "Real/0/CR1/2026/03/16/PUNCH_L0_CR1_20260316144029_v0l.fits" [1]
2026-07-30 16:14:23 URL:https://umbra.nascom.nasa.gov/punch/0/CR1/2026/03/16/PUNCH_L0_CR1_20260316144829_v0j.fits [1566720] -> "Real/0/CR1/2026/03/16/PUNCH_L0_CR1_20260316144829_v0j.fits" [1]
2026-07-30 16:14:24 URL:https://umbra.nascom.nasa.gov/punch/0/CR1/2026/03/16/PUNCH_L0_CR1_20260316144829_v0l.fits [1566720] -> "Real/0/CR1/2026/03/16/PUNCH_L0_CR1_20260316144829_v0l.fits" [1]
2026-07-30 16:14:25 URL:https://umbra.nascom.nasa.gov/punch/0/CR1/2026/03/16/PUNCH_L0_CR1_20260316145629_v0j.fits [1601280] -> "Real/0/CR1/2026/03/16/PUNCH_L0_CR1_20260316145629_v0j.fits" [1]
2026-07-30 16:14:26 URL:https://umbra.nascom.nasa.gov/punch/0/CR1/2026/03/16/PUNCH_L0_CR1_20260316145629_v0l.fits [1601280] -> "Real/0/CR1/2026/03/16/PUNCH_L0_CR1_20260316145629_v0l.fits" [1]
2026-07-30 16:14:27 URL:https://umbra.nascom.nasa.gov/punch/0/CR1/2026/03/16/PUNCH_L0_CR1_20260316150429_v0j.fits [1607040] -> "Real/0/CR1/2026/03/16/PUNCH_L0_CR1_20260316150429_v0j.fits" [1]
2026-07-30 16:14:27 URL:https://umbra.nascom.nasa.gov/punch/0/CR1/2026/03/16/PUNCH_L0_CR1_20260316150429_v0l.fits [1607040] -> "Real/0/CR1/2026/03/16/PUNCH_L0_CR1_20260316150429_v0l.fits" [1]
2026-07-30 16:14:28 URL:https://umbra.nascom.nasa.gov/punch/0/CR1/2026/03/16/PUNCH_L0_CR1_20260316151228_v0j.fits [1592640] -> "Real/0/CR1/2026/03/16/PUNCH_L0_CR1_20260316151228_v0j.fits" [1]
2026-07-30 16:14:29 URL:https://umbra.nascom.nasa.gov/punch/0/CR1/2026/03/16/PUNCH_L0_CR1_20260316151228_v0l.fits [1592640] -> "Real/0/CR1/2026/03/16/PUNCH_L0_CR1_20260316151228_v0l.fits" [1]
2026-07-30 16:14:30 URL:https://umbra.nascom.nasa.gov/punch/0/CR1/2026/03/16/PUNCH_L0_CR1_20260316152029_v0j.fits [1555200] -> "Real/0/CR1/2026/03/16/PUNCH_L0_CR1_20260316152029_v0j.fits" [1]
2026-07-30 16:14:31 URL:https://umbra.nascom.nasa.gov/punch/0/CR1/2026/03/16/PUNCH_L0_CR1_20260316152029_v0l.fits [1555200] -> "Real/0/CR1/2026/03/16/PUNCH_L0_CR1_20260316152029_v0l.fits" [1]
2026-07-30 16:14:31 URL:https://umbra.nascom.nasa.gov/punch/0/CR1/2026/03/16/PUNCH_L0_CR1_20260316152829_v0j.fits [1512000] -> "Real/0/CR1/2026/03/16/PUNCH_L0_CR1_20260316152829_v0j.fits" [1]
2026-07-30 16:14:32 URL:https://umbra.nascom.nasa.gov/punch/0/CR1/2026/03/16/PUNCH_L0_CR1_20260316152829_v0l.fits [1512000] -> "Real/0/CR1/2026/03/16/PUNCH_L0_CR1_20260316152829_v0l.fits" [1]
2026-07-30 16:14:33 URL:https://umbra.nascom.nasa.gov/punch/0/CR1/2026/03/16/PUNCH_L0_CR1_20260316153629_v0j.fits [1480320] -> "Real/0/CR1/2026/03/16/PUNCH_L0_CR1_20260316153629_v0j.fits" [1]
2026-07-30 16:14:34 URL:https://umbra.nascom.nasa.gov/punch/0/CR1/2026/03/16/PUNCH_L0_CR1_20260316153629_v0l.fits [1480320] -> "Real/0/CR1/2026/03/16/PUNCH_L0_CR1_20260316153629_v0l.fits" [1]
2026-07-30 16:14:35 URL:https://umbra.nascom.nasa.gov/punch/0/CR1/2026/03/16/PUNCH_L0_CR1_20260316154428_v0j.fits [1460160] -> "Real/0/CR1/2026/03/16/PUNCH_L0_CR1_20260316154428_v0j.fits" [1]
2026-07-30 16:14:35 URL:https://umbra.nascom.nasa.gov/punch/0/CR1/2026/03/16/PUNCH_L0_CR1_20260316154428_v0l.fits [1460160] -> "Real/0/CR1/2026/03/16/PUNCH_L0_CR1_20260316154428_v0l.fits" [1]
2026-07-30 16:14:36 URL:https://umbra.nascom.nasa.gov/punch/0/CR1/2026/03/16/PUNCH_L0_CR1_20260316155229_v0j.fits [1454400] -> "Real/0/CR1/2026/03/16/PUNCH_L0_CR1_20260316155229_v0j.fits" [1]
2026-07-30 16:14:37 URL:https://umbra.nascom.nasa.gov/punch/0/CR1/2026/03/16/PUNCH_L0_CR1_20260316155229_v0l.fits [1454400] -> "Real/0/CR1/2026/03/16/PUNCH_L0_CR1_20260316155229_v0l.fits" [1]
2026-07-30 16:14:38 URL:https://umbra.nascom.nasa.gov/punch/0/CR1/2026/03/16/PUNCH_L0_CR1_20260316160029_v0j.fits [1465920] -> "Real/0/CR1/2026/03/16/PUNCH_L0_CR1_20260316160029_v0j.fits" [1]
2026-07-30 16:14:39 URL:https://umbra.nascom.nasa.gov/punch/0/CR1/2026/03/16/PUNCH_L0_CR1_20260316160029_v0l.fits [1465920] -> "Real/0/CR1/2026/03/16/PUNCH_L0_CR1_20260316160029_v0l.fits" [1]
2026-07-30 16:29:51 URL:https://umbra.nascom.nasa.gov/punch/0/CR1/2026/03/16/PUNCH_L0_CR1_20260316160828_v0j.fits [1497600/1497600] -> "Real/0/CR1/2026/03/16/PUNCH_L0_CR1_20260316160828_v0j.fits" [2]
2026-07-30 16:30:06 URL:https://umbra.nascom.nasa.gov/punch/0/CR1/2026/03/16/PUNCH_L0_CR1_20260316160828_v0l.fits [1497600] -> "Real/0/CR1/2026/03/16/PUNCH_L0_CR1_20260316160828_v0l.fits" [1]
2026-07-30 16:30:14 URL:https://umbra.nascom.nasa.gov/punch/0/CR1/2026/03/16/PUNCH_L0_CR1_20260316161629_v0j.fits [1523520] -> "Real/0/CR1/2026/03/16/PUNCH_L0_CR1_20260316161629_v0j.fits" [1]
2026-07-30 16:30:22 URL:https://umbra.nascom.nasa.gov/punch/0/CR1/2026/03/16/PUNCH_L0_CR1_20260316161629_v0l.fits [1523520] -> "Real/0/CR1/2026/03/16/PUNCH_L0_CR1_20260316161629_v0l.fits" [1]
2026-07-30 16:30:31 URL:https://umbra.nascom.nasa.gov/punch/0/CR1/2026/03/16/PUNCH_L0_CR1_20260316162429_v0j.fits [1560960] -> "Real/0/CR1/2026/03/16/PUNCH_L0_CR1_20260316162429_v0j.fits" [1]
2026-07-30 16:30:37 URL:https://umbra.nascom.nasa.gov/punch/0/CR1/2026/03/16/PUNCH_L0_CR1_20260316162429_v0l.fits [1560960] -> "Real/0/CR1/2026/03/16/PUNCH_L0_CR1_20260316162429_v0l.fits" [1]
2026-07-30 16:30:49 URL:https://umbra.nascom.nasa.gov/punch/0/CR1/2026/03/16/PUNCH_L0_CR1_20260316163229_v0j.fits [1592640] -> "Real/0/CR1/2026/03/16/PUNCH_L0_CR1_20260316163229_v0j.fits" [1]
2026-07-30 16:46:21 URL:https://umbra.nascom.nasa.gov/punch/0/CR1/2026/03/16/PUNCH_L0_CR1_20260316163229_v0l.fits [1592640/1592640] -> "Real/0/CR1/2026/03/16/PUNCH_L0_CR1_20260316163229_v0l.fits" [2]
2026-07-30 16:46:29 URL:https://umbra.nascom.nasa.gov/punch/0/CR1/2026/03/16/PUNCH_L0_CR1_20260316164029_v0j.fits [1604160] -> "Real/0/CR1/2026/03/16/PUNCH_L0_CR1_20260316164029_v0j.fits" [1]
2026-07-30 16:46:37 URL:https://umbra.nascom.nasa.gov/punch/0/CR1/2026/03/16/PUNCH_L0_CR1_20260316164029_v0l.fits [1604160] -> "Real/0/CR1/2026/03/16/PUNCH_L0_CR1_20260316164029_v0l.fits" [1]
2026-07-30 16:46:45 URL:https://umbra.nascom.nasa.gov/punch/0/CR1/2026/03/16/PUNCH_L0_CR1_20260316164829_v0j.fits [1598400] -> "Real/0/CR1/2026/03/16/PUNCH_L0_CR1_20260316164829_v0j.fits" [1]
2026-07-30 16:46:53 URL:https://umbra.nascom.nasa.gov/punch/0/CR1/2026/03/16/PUNCH_L0_CR1_20260316164829_v0l.fits [1598400] -> "Real/0/CR1/2026/03/16/PUNCH_L0_CR1_20260316164829_v0l.fits" [1]
2026-07-30 16:47:00 URL:https://umbra.nascom.nasa.gov/punch/0/CR1/2026/03/16/PUNCH_L0_CR1_20260316165629_v0j.fits [1563840] -> "Real/0/CR1/2026/03/16/PUNCH_L0_CR1_20260316165629_v0j.fits" [1]
2026-07-30 16:47:07 URL:https://umbra.nascom.nasa.gov/punch/0/CR1/2026/03/16/PUNCH_L0_CR1_20260316165629_v0l.fits [1563840] -> "Real/0/CR1/2026/03/16/PUNCH_L0_CR1_20260316165629_v0l.fits" [1]
2026-07-30 16:47:14 URL:https://umbra.nascom.nasa.gov/punch/0/CR1/2026/03/16/PUNCH_L0_CR1_20260316170429_v0j.fits [1520640] -> "Real/0/CR1/2026/03/16/PUNCH_L0_CR1_20260316170429_v0j.fits" [1]
2026-07-30 17:02:25 URL:https://umbra.nascom.nasa.gov/punch/0/CR1/2026/03/16/PUNCH_L0_CR1_20260316170429_v0l.fits [1520640/1520640] -> "Real/0/CR1/2026/03/16/PUNCH_L0_CR1_20260316170429_v0l.fits" [2]
2026-07-30 17:19:33 URL:https://umbra.nascom.nasa.gov/punch/0/CR1/2026/03/16/PUNCH_L0_CR1_20260316171229_v0j.fits [1483200/1483200] -> "Real/0/CR1/2026/03/16/PUNCH_L0_CR1_20260316171229_v0j.fits" [2]
2026-07-30 17:19:41 URL:https://umbra.nascom.nasa.gov/punch/0/CR1/2026/03/16/PUNCH_L0_CR1_20260316171229_v0l.fits [1483200] -> "Real/0/CR1/2026/03/16/PUNCH_L0_CR1_20260316171229_v0l.fits" [1]
2026-07-30 17:19:47 URL:https://umbra.nascom.nasa.gov/punch/0/CR1/2026/03/16/PUNCH_L0_CR1_20260316172029_v0j.fits [1488960] -> "Real/0/CR1/2026/03/16/PUNCH_L0_CR1_20260316172029_v0j.fits" [1]
2026-07-30 17:19:53 URL:https://umbra.nascom.nasa.gov/punch/0/CR1/2026/03/16/PUNCH_L0_CR1_20260316172029_v0l.fits [1488960] -> "Real/0/CR1/2026/03/16/PUNCH_L0_CR1_20260316172029_v0l.fits" [1]
2026-07-30 17:20:00 URL:https://umbra.nascom.nasa.gov/punch/0/CR1/2026/03/16/PUNCH_L0_CR1_20260316172829_v0j.fits [1451520] -> "Real/0/CR1/2026/03/16/PUNCH_L0_CR1_20260316172829_v0j.fits" [1]
2026-07-30 17:20:05 URL:https://umbra.nascom.nasa.gov/punch/0/CR1/2026/03/16/PUNCH_L0_CR1_20260316172829_v0l.fits [1451520] -> "Real/0/CR1/2026/03/16/PUNCH_L0_CR1_20260316172829_v0l.fits" [1]
2026-07-30 17:20:12 URL:https://umbra.nascom.nasa.gov/punch/0/CR1/2026/03/16/PUNCH_L0_CR1_20260316173629_v0j.fits [1460160] -> "Real/0/CR1/2026/03/16/PUNCH_L0_CR1_20260316173629_v0j.fits" [1]
2026-07-30 17:20:21 URL:https://umbra.nascom.nasa.gov/punch/0/CR1/2026/03/16/PUNCH_L0_CR1_20260316173629_v0l.fits [1460160] -> "Real/0/CR1/2026/03/16/PUNCH_L0_CR1_20260316173629_v0l.fits" [1]
2026-07-30 17:20:27 URL:https://umbra.nascom.nasa.gov/punch/0/CR1/2026/03/16/PUNCH_L0_CR1_20260316174429_v0j.fits [1488960] -> "Real/0/CR1/2026/03/16/PUNCH_L0_CR1_20260316174429_v0j.fits" [1]
2026-07-30 17:20:34 URL:https://umbra.nascom.nasa.gov/punch/0/CR1/2026/03/16/PUNCH_L0_CR1_20260316174429_v0l.fits [1488960] -> "Real/0/CR1/2026/03/16/PUNCH_L0_CR1_20260316174429_v0l.fits" [1]
2026-07-30 17:20:40 URL:https://umbra.nascom.nasa.gov/punch/0/CR1/2026/03/16/PUNCH_L0_CR1_20260316175229_v0j.fits [1517760] -> "Real/0/CR1/2026/03/16/PUNCH_L0_CR1_20260316175229_v0j.fits" [1]
2026-07-30 17:35:57 URL:https://umbra.nascom.nasa.gov/punch/0/CR1/2026/03/16/PUNCH_L0_CR1_20260316175229_v0l.fits [1517760/1517760] -> "Real/0/CR1/2026/03/16/PUNCH_L0_CR1_20260316175229_v0l.fits" [2]
2026-07-30 17:36:05 URL:https://umbra.nascom.nasa.gov/punch/0/CR1/2026/03/16/PUNCH_L0_CR1_20260316180029_v0j.fits [1552320] -> "Real/0/CR1/2026/03/16/PUNCH_L0_CR1_20260316180029_v0j.fits" [1]
2026-07-30 17:36:12 URL:https://umbra.nascom.nasa.gov/punch/0/CR1/2026/03/16/PUNCH_L0_CR1_20260316180029_v0l.fits [1552320] -> "Real/0/CR1/2026/03/16/PUNCH_L0_CR1_20260316180029_v0l.fits" [1]
2026-07-30 17:36:19 URL:https://umbra.nascom.nasa.gov/punch/0/CR1/2026/03/16/PUNCH_L0_CR1_20260316180829_v0j.fits [1584000] -> "Real/0/CR1/2026/03/16/PUNCH_L0_CR1_20260316180829_v0j.fits" [1]
2026-07-30 17:36:24 URL:https://umbra.nascom.nasa.gov/punch/0/CR1/2026/03/16/PUNCH_L0_CR1_20260316180829_v0l.fits [1584000] -> "Real/0/CR1/2026/03/16/PUNCH_L0_CR1_20260316180829_v0l.fits" [1]
2026-07-30 17:36:31 URL:https://umbra.nascom.nasa.gov/punch/0/CR1/2026/03/16/PUNCH_L0_CR1_20260316181629_v0j.fits [1604160] -> "Real/0/CR1/2026/03/16/PUNCH_L0_CR1_20260316181629_v0j.fits" [1]
2026-07-30 17:36:37 URL:https://umbra.nascom.nasa.gov/punch/0/CR1/2026/03/16/PUNCH_L0_CR1_20260316181629_v0l.fits [1604160] -> "Real/0/CR1/2026/03/16/PUNCH_L0_CR1_20260316181629_v0l.fits" [1]
2026-07-30 17:36:45 URL:https://umbra.nascom.nasa.gov/punch/0/CR1/2026/03/16/PUNCH_L0_CR1_20260316182429_v0j.fits [1601280] -> "Real/0/CR1/2026/03/16/PUNCH_L0_CR1_20260316182429_v0j.fits" [1]
2026-07-30 17:36:52 URL:https://umbra.nascom.nasa.gov/punch/0/CR1/2026/03/16/PUNCH_L0_CR1_20260316182429_v0l.fits [1601280] -> "Real/0/CR1/2026/03/16/PUNCH_L0_CR1_20260316182429_v0l.fits" [1]
2026-07-30 17:36:58 URL:https://umbra.nascom.nasa.gov/punch/0/CR1/2026/03/16/PUNCH_L0_CR1_20260316183229_v0j.fits [1572480] -> "Real/0/CR1/2026/03/16/PUNCH_L0_CR1_20260316183229_v0j.fits" [1]
2026-07-30 17:37:04 URL:https://umbra.nascom.nasa.gov/punch/0/CR1/2026/03/16/PUNCH_L0_CR1_20260316183229_v0l.fits [1572480] -> "Real/0/CR1/2026/03/16/PUNCH_L0_CR1_20260316183229_v0l.fits" [1]
2026-07-30 17:37:10 URL:https://umbra.nascom.nasa.gov/punch/0/CR1/2026/03/16/PUNCH_L0_CR1_20260316184029_v0j.fits [1532160] -> "Real/0/CR1/2026/03/16/PUNCH_L0_CR1_20260316184029_v0j.fits" [1]
2026-07-30 17:37:18 URL:https://umbra.nascom.nasa.gov/punch/0/CR1/2026/03/16/PUNCH_L0_CR1_20260316184029_v0l.fits [1532160] -> "Real/0/CR1/2026/03/16/PUNCH_L0_CR1_20260316184029_v0l.fits" [1]
2026-07-30 17:37:26 URL:https://umbra.nascom.nasa.gov/punch/0/CR1/2026/03/16/PUNCH_L0_CR1_20260316184828_v0j.fits [1491840] -> "Real/0/CR1/2026/03/16/PUNCH_L0_CR1_20260316184828_v0j.fits" [1]
2026-07-30 17:37:33 URL:https://umbra.nascom.nasa.gov/punch/0/CR1/2026/03/16/PUNCH_L0_CR1_20260316184828_v0l.fits [1491840] -> "Real/0/CR1/2026/03/16/PUNCH_L0_CR1_20260316184828_v0l.fits" [1]
2026-07-30 17:37:40 URL:https://umbra.nascom.nasa.gov/punch/0/CR1/2026/03/16/PUNCH_L0_CR1_20260316185629_v0j.fits [1537920] -> "Real/0/CR1/2026/03/16/PUNCH_L0_CR1_20260316185629_v0j.fits" [1]
2026-07-30 17:37:46 URL:https://umbra.nascom.nasa.gov/punch/0/CR1/2026/03/16/PUNCH_L0_CR1_20260316185629_v0l.fits [1537920] -> "Real/0/CR1/2026/03/16/PUNCH_L0_CR1_20260316185629_v0l.fits" [1]
2026-07-30 17:37:54 URL:https://umbra.nascom.nasa.gov/punch/0/CR1/2026/03/16/PUNCH_L0_CR1_20260316190428_v0j.fits [1451520] -> "Real/0/CR1/2026/03/16/PUNCH_L0_CR1_20260316190428_v0j.fits" [1]
2026-07-30 17:38:02 URL:https://umbra.nascom.nasa.gov/punch/0/CR1/2026/03/16/PUNCH_L0_CR1_20260316190428_v0l.fits [1451520] -> "Real/0/CR1/2026/03/16/PUNCH_L0_CR1_20260316190428_v0l.fits" [1]
2026-07-30 17:38:08 URL:https://umbra.nascom.nasa.gov/punch/0/CR1/2026/03/16/PUNCH_L0_CR1_20260316191229_v0j.fits [1460160] -> "Real/0/CR1/2026/03/16/PUNCH_L0_CR1_20260316191229_v0j.fits" [1]
2026-07-30 17:38:14 URL:https://umbra.nascom.nasa.gov/punch/0/CR1/2026/03/16/PUNCH_L0_CR1_20260316191229_v0l.fits [1460160] -> "Real/0/CR1/2026/03/16/PUNCH_L0_CR1_20260316191229_v0l.fits" [1]
2026-07-30 17:38:20 URL:https://umbra.nascom.nasa.gov/punch/0/CR1/2026/03/16/PUNCH_L0_CR1_20260316192029_v0j.fits [1480320] -> "Real/0/CR1/2026/03/16/PUNCH_L0_CR1_20260316192029_v0j.fits" [1]
2026-07-30 17:38:25 URL:https://umbra.nascom.nasa.gov/punch/0/CR1/2026/03/16/PUNCH_L0_CR1_20260316192029_v0l.fits [1480320] -> "Real/0/CR1/2026/03/16/PUNCH_L0_CR1_20260316192029_v0l.fits" [1]
2026-07-30 17:38:33 URL:https://umbra.nascom.nasa.gov/punch/0/CR1/2026/03/16/PUNCH_L0_CR1_20260316192828_v0j.fits [1512000] -> "Real/0/CR1/2026/03/16/PUNCH_L0_CR1_20260316192828_v0j.fits" [1]
2026-07-30 17:38:42 URL:https://umbra.nascom.nasa.gov/punch/0/CR1/2026/03/16/PUNCH_L0_CR1_20260316192828_v0l.fits [1512000] -> "Real/0/CR1/2026/03/16/PUNCH_L0_CR1_20260316192828_v0l.fits" [1]
2026-07-30 17:38:48 URL:https://umbra.nascom.nasa.gov/punch/0/CR1/2026/03/16/PUNCH_L0_CR1_20260316193628_v0j.fits [1546560] -> "Real/0/CR1/2026/03/16/PUNCH_L0_CR1_20260316193628_v0j.fits" [1]
2026-07-30 17:38:54 URL:https://umbra.nascom.nasa.gov/punch/0/CR1/2026/03/16/PUNCH_L0_CR1_20260316193628_v0l.fits [1546560] -> "Real/0/CR1/2026/03/16/PUNCH_L0_CR1_20260316193628_v0l.fits" [1]
2026-07-30 17:39:00 URL:https://umbra.nascom.nasa.gov/punch/0/CR1/2026/03/16/PUNCH_L0_CR1_20260316194429_v0j.fits [1581120] -> "Real/0/CR1/2026/03/16/PUNCH_L0_CR1_20260316194429_v0j.fits" [1]
2026-07-30 18:09:29 URL:https://umbra.nascom.nasa.gov/punch/0/CR1/2026/03/16/PUNCH_L0_CR1_20260316194429_v0l.fits [1581120/1581120] -> "Real/0/CR1/2026/03/16/PUNCH_L0_CR1_20260316194429_v0l.fits" [3]
2026-07-30 18:09:38 URL:https://umbra.nascom.nasa.gov/punch/0/CR1/2026/03/16/PUNCH_L0_CR1_20260316195229_v0j.fits [1604160] -> "Real/0/CR1/2026/03/16/PUNCH_L0_CR1_20260316195229_v0j.fits" [1]
2026-07-30 18:09:44 URL:https://umbra.nascom.nasa.gov/punch/0/CR1/2026/03/16/PUNCH_L0_CR1_20260316195229_v0l.fits [1604160] -> "Real/0/CR1/2026/03/16/PUNCH_L0_CR1_20260316195229_v0l.fits" [1]
2026-07-30 18:09:52 URL:https://umbra.nascom.nasa.gov/punch/0/CR1/2026/03/16/PUNCH_L0_CR1_20260316200029_v0j.fits [1601280] -> "Real/0/CR1/2026/03/16/PUNCH_L0_CR1_20260316200029_v0j.fits" [1]
2026-07-30 18:25:09 URL:https://umbra.nascom.nasa.gov/punch/0/CR1/2026/03/16/PUNCH_L0_CR1_20260316200029_v0l.fits [1601280/1601280] -> "Real/0/CR1/2026/03/16/PUNCH_L0_CR1_20260316200029_v0l.fits" [2]
2026-07-30 18:25:18 URL:https://umbra.nascom.nasa.gov/punch/0/CR1/2026/03/16/PUNCH_L0_CR1_20260316200829_v0j.fits [1581120] -> "Real/0/CR1/2026/03/16/PUNCH_L0_CR1_20260316200829_v0j.fits" [1]
2026-07-30 18:25:26 URL:https://umbra.nascom.nasa.gov/punch/0/CR1/2026/03/16/PUNCH_L0_CR1_20260316200829_v0l.fits [1581120] -> "Real/0/CR1/2026/03/16/PUNCH_L0_CR1_20260316200829_v0l.fits" [1]
2026-07-30 18:25:33 URL:https://umbra.nascom.nasa.gov/punch/0/CR1/2026/03/16/PUNCH_L0_CR1_20260316201629_v0j.fits [1540800] -> "Real/0/CR1/2026/03/16/PUNCH_L0_CR1_20260316201629_v0j.fits" [1]
2026-07-30 18:25:41 URL:https://umbra.nascom.nasa.gov/punch/0/CR1/2026/03/16/PUNCH_L0_CR1_20260316201629_v0l.fits [1540800] -> "Real/0/CR1/2026/03/16/PUNCH_L0_CR1_20260316201629_v0l.fits" [1]
2026-07-30 18:25:49 URL:https://umbra.nascom.nasa.gov/punch/0/CR1/2026/03/16/PUNCH_L0_CR1_20260316202429_v0j.fits [1497600] -> "Real/0/CR1/2026/03/16/PUNCH_L0_CR1_20260316202429_v0j.fits" [1]
2026-07-30 18:25:58 URL:https://umbra.nascom.nasa.gov/punch/0/CR1/2026/03/16/PUNCH_L0_CR1_20260316202429_v0l.fits [1497600] -> "Real/0/CR1/2026/03/16/PUNCH_L0_CR1_20260316202429_v0l.fits" [1]
2026-07-30 18:26:06 URL:https://umbra.nascom.nasa.gov/punch/0/CR1/2026/03/16/PUNCH_L0_CR1_20260316203229_v0j.fits [1728000] -> "Real/0/CR1/2026/03/16/PUNCH_L0_CR1_20260316203229_v0j.fits" [1]
2026-07-30 18:26:13 URL:https://umbra.nascom.nasa.gov/punch/0/CR1/2026/03/16/PUNCH_L0_CR1_20260316203229_v0l.fits [1728000] -> "Real/0/CR1/2026/03/16/PUNCH_L0_CR1_20260316203229_v0l.fits" [1]
2026-07-30 18:26:21 URL:https://umbra.nascom.nasa.gov/punch/0/CR1/2026/03/16/PUNCH_L0_CR1_20260316204029_v0j.fits [1647360] -> "Real/0/CR1/2026/03/16/PUNCH_L0_CR1_20260316204029_v0j.fits" [1]
2026-07-30 18:26:29 URL:https://umbra.nascom.nasa.gov/punch/0/CR1/2026/03/16/PUNCH_L0_CR1_20260316204029_v0l.fits [1647360] -> "Real/0/CR1/2026/03/16/PUNCH_L0_CR1_20260316204029_v0l.fits" [1]
2026-07-30 18:26:38 URL:https://umbra.nascom.nasa.gov/punch/0/CR1/2026/03/16/PUNCH_L0_CR1_20260316204828_v0j.fits [1451520] -> "Real/0/CR1/2026/03/16/PUNCH_L0_CR1_20260316204828_v0j.fits" [1]
2026-07-30 18:26:45 URL:https://umbra.nascom.nasa.gov/punch/0/CR1/2026/03/16/PUNCH_L0_CR1_20260316204828_v0l.fits [1451520] -> "Real/0/CR1/2026/03/16/PUNCH_L0_CR1_20260316204828_v0l.fits" [1]
2026-07-30 18:26:53 URL:https://umbra.nascom.nasa.gov/punch/0/CR1/2026/03/16/PUNCH_L0_CR1_20260316205629_v0j.fits [1474560] -> "Real/0/CR1/2026/03/16/PUNCH_L0_CR1_20260316205629_v0j.fits" [1]
2026-07-30 18:27:00 URL:https://umbra.nascom.nasa.gov/punch/0/CR1/2026/03/16/PUNCH_L0_CR1_20260316205629_v0l.fits [1474560] -> "Real/0/CR1/2026/03/16/PUNCH_L0_CR1_20260316205629_v0l.fits" [1]
2026-07-30 18:27:08 URL:https://umbra.nascom.nasa.gov/punch/0/CR1/2026/03/16/PUNCH_L0_CR1_20260316210428_v0j.fits [1506240] -> "Real/0/CR1/2026/03/16/PUNCH_L0_CR1_20260316210428_v0j.fits" [1]
2026-07-30 18:27:18 URL:https://umbra.nascom.nasa.gov/punch/0/CR1/2026/03/16/PUNCH_L0_CR1_20260316210428_v0l.fits [1506240] -> "Real/0/CR1/2026/03/16/PUNCH_L0_CR1_20260316210428_v0l.fits" [1]
2026-07-30 18:27:24 URL:https://umbra.nascom.nasa.gov/punch/0/CR1/2026/03/16/PUNCH_L0_CR1_20260316211228_v0j.fits [1537920] -> "Real/0/CR1/2026/03/16/PUNCH_L0_CR1_20260316211228_v0j.fits" [1]
2026-07-30 18:27:32 URL:https://umbra.nascom.nasa.gov/punch/0/CR1/2026/03/16/PUNCH_L0_CR1_20260316211228_v0l.fits [1537920] -> "Real/0/CR1/2026/03/16/PUNCH_L0_CR1_20260316211228_v0l.fits" [1]
2026-07-30 18:27:39 URL:https://umbra.nascom.nasa.gov/punch/0/CR1/2026/03/16/PUNCH_L0_CR1_20260316212029_v0j.fits [1572480] -> "Real/0/CR1/2026/03/16/PUNCH_L0_CR1_20260316212029_v0j.fits" [1]
2026-07-30 18:42:58 URL:https://umbra.nascom.nasa.gov/punch/0/CR1/2026/03/16/PUNCH_L0_CR1_20260316212029_v0l.fits [1572480/1572480] -> "Real/0/CR1/2026/03/16/PUNCH_L0_CR1_20260316212029_v0l.fits" [2]
2026-07-30 18:43:06 URL:https://umbra.nascom.nasa.gov/punch/0/CR1/2026/03/16/PUNCH_L0_CR1_20260316212829_v0j.fits [1598400] -> "Real/0/CR1/2026/03/16/PUNCH_L0_CR1_20260316212829_v0j.fits" [1]
2026-07-30 18:43:14 URL:https://umbra.nascom.nasa.gov/punch/0/CR1/2026/03/16/PUNCH_L0_CR1_20260316212829_v0l.fits [1598400] -> "Real/0/CR1/2026/03/16/PUNCH_L0_CR1_20260316212829_v0l.fits" [1]
2026-07-30 18:43:21 URL:https://umbra.nascom.nasa.gov/punch/0/CR1/2026/03/16/PUNCH_L0_CR1_20260316213629_v0j.fits [1604160] -> "Real/0/CR1/2026/03/16/PUNCH_L0_CR1_20260316213629_v0j.fits" [1]
2026-07-30 18:43:29 URL:https://umbra.nascom.nasa.gov/punch/0/CR1/2026/03/16/PUNCH_L0_CR1_20260316213629_v0l.fits [1604160] -> "Real/0/CR1/2026/03/16/PUNCH_L0_CR1_20260316213629_v0l.fits" [1]
2026-07-30 18:43:39 URL:https://umbra.nascom.nasa.gov/punch/0/CR1/2026/03/16/PUNCH_L0_CR1_20260316214429_v0j.fits [1589760] -> "Real/0/CR1/2026/03/16/PUNCH_L0_CR1_20260316214429_v0j.fits" [1]
2026-07-30 18:43:46 URL:https://umbra.nascom.nasa.gov/punch/0/CR1/2026/03/16/PUNCH_L0_CR1_20260316214429_v0l.fits [1589760] -> "Real/0/CR1/2026/03/16/PUNCH_L0_CR1_20260316214429_v0l.fits" [1]
2026-07-30 18:43:53 URL:https://umbra.nascom.nasa.gov/punch/0/CR1/2026/03/16/PUNCH_L0_CR1_20260316215229_v0j.fits [1549440] -> "Real/0/CR1/2026/03/16/PUNCH_L0_CR1_20260316215229_v0j.fits" [1]
2026-07-30 18:44:01 URL:https://umbra.nascom.nasa.gov/punch/0/CR1/2026/03/16/PUNCH_L0_CR1_20260316215229_v0l.fits [1549440] -> "Real/0/CR1/2026/03/16/PUNCH_L0_CR1_20260316215229_v0l.fits" [1]
2026-07-30 18:44:08 URL:https://umbra.nascom.nasa.gov/punch/0/CR1/2026/03/16/PUNCH_L0_CR1_20260316220029_v0j.fits [1506240] -> "Real/0/CR1/2026/03/16/PUNCH_L0_CR1_20260316220029_v0j.fits" [1]
2026-07-30 18:44:18 URL:https://umbra.nascom.nasa.gov/punch/0/CR1/2026/03/16/PUNCH_L0_CR1_20260316220029_v0l.fits [1506240] -> "Real/0/CR1/2026/03/16/PUNCH_L0_CR1_20260316220029_v0l.fits" [1]
2026-07-30 18:44:26 URL:https://umbra.nascom.nasa.gov/punch/0/CR1/2026/03/16/PUNCH_L0_CR1_20260316220829_v0j.fits [1526400] -> "Real/0/CR1/2026/03/16/PUNCH_L0_CR1_20260316220829_v0j.fits" [1]
2026-07-30 18:44:33 URL:https://umbra.nascom.nasa.gov/punch/0/CR1/2026/03/16/PUNCH_L0_CR1_20260316220829_v0l.fits [1526400] -> "Real/0/CR1/2026/03/16/PUNCH_L0_CR1_20260316220829_v0l.fits" [1]
2026-07-30 18:44:40 URL:https://umbra.nascom.nasa.gov/punch/0/CR1/2026/03/16/PUNCH_L0_CR1_20260316221629_v0j.fits [2027520] -> "Real/0/CR1/2026/03/16/PUNCH_L0_CR1_20260316221629_v0j.fits" [1]
2026-07-30 18:44:48 URL:https://umbra.nascom.nasa.gov/punch/0/CR1/2026/03/16/PUNCH_L0_CR1_20260316221629_v0l.fits [2027520] -> "Real/0/CR1/2026/03/16/PUNCH_L0_CR1_20260316221629_v0l.fits" [1]
2026-07-30 18:44:58 URL:https://umbra.nascom.nasa.gov/punch/0/CR1/2026/03/16/PUNCH_L0_CR1_20260316222429_v0j.fits [1448640] -> "Real/0/CR1/2026/03/16/PUNCH_L0_CR1_20260316222429_v0j.fits" [1]
2026-07-30 18:45:06 URL:https://umbra.nascom.nasa.gov/punch/0/CR1/2026/03/16/PUNCH_L0_CR1_20260316222429_v0l.fits [1448640] -> "Real/0/CR1/2026/03/16/PUNCH_L0_CR1_20260316222429_v0l.fits" [1]
2026-07-30 18:45:14 URL:https://umbra.nascom.nasa.gov/punch/0/CR1/2026/03/16/PUNCH_L0_CR1_20260316223229_v0j.fits [1471680] -> "Real/0/CR1/2026/03/16/PUNCH_L0_CR1_20260316223229_v0j.fits" [1]
2026-07-30 18:45:20 URL:https://umbra.nascom.nasa.gov/punch/0/CR1/2026/03/16/PUNCH_L0_CR1_20260316223229_v0l.fits [1471680] -> "Real/0/CR1/2026/03/16/PUNCH_L0_CR1_20260316223229_v0l.fits" [1]
2026-07-30 18:45:28 URL:https://umbra.nascom.nasa.gov/punch/0/CR1/2026/03/16/PUNCH_L0_CR1_20260316224029_v0j.fits [1500480] -> "Real/0/CR1/2026/03/16/PUNCH_L0_CR1_20260316224029_v0j.fits" [1]
2026-07-30 18:45:38 URL:https://umbra.nascom.nasa.gov/punch/0/CR1/2026/03/16/PUNCH_L0_CR1_20260316224029_v0l.fits [1500480] -> "Real/0/CR1/2026/03/16/PUNCH_L0_CR1_20260316224029_v0l.fits" [1]
2026-07-30 18:45:46 URL:https://umbra.nascom.nasa.gov/punch/0/CR1/2026/03/16/PUNCH_L0_CR1_20260316224829_v0j.fits [1529280] -> "Real/0/CR1/2026/03/16/PUNCH_L0_CR1_20260316224829_v0j.fits" [1]
2026-07-30 18:45:53 URL:https://umbra.nascom.nasa.gov/punch/0/CR1/2026/03/16/PUNCH_L0_CR1_20260316224829_v0l.fits [1529280] -> "Real/0/CR1/2026/03/16/PUNCH_L0_CR1_20260316224829_v0l.fits" [1]
2026-07-30 18:46:01 URL:https://umbra.nascom.nasa.gov/punch/0/CR1/2026/03/16/PUNCH_L0_CR1_20260316225629_v0j.fits [1563840] -> "Real/0/CR1/2026/03/16/PUNCH_L0_CR1_20260316225629_v0j.fits" [1]
2026-07-30 19:01:20 URL:https://umbra.nascom.nasa.gov/punch/0/CR1/2026/03/16/PUNCH_L0_CR1_20260316225629_v0l.fits [1563840/1563840] -> "Real/0/CR1/2026/03/16/PUNCH_L0_CR1_20260316225629_v0l.fits" [2]
2026-07-30 19:01:43 URL:https://umbra.nascom.nasa.gov/punch/0/CR1/2026/03/16/PUNCH_L0_CR1_20260316230429_v0j.fits [1592640] -> "Real/0/CR1/2026/03/16/PUNCH_L0_CR1_20260316230429_v0j.fits" [1]
2026-07-30 19:01:50 URL:https://umbra.nascom.nasa.gov/punch/0/CR1/2026/03/16/PUNCH_L0_CR1_20260316230429_v0l.fits [1592640] -> "Real/0/CR1/2026/03/16/PUNCH_L0_CR1_20260316230429_v0l.fits" [1]
2026-07-30 19:01:59 URL:https://umbra.nascom.nasa.gov/punch/0/CR1/2026/03/16/PUNCH_L0_CR1_20260316231229_v0j.fits [1607040] -> "Real/0/CR1/2026/03/16/PUNCH_L0_CR1_20260316231229_v0j.fits" [1]
2026-07-30 19:02:07 URL:https://umbra.nascom.nasa.gov/punch/0/CR1/2026/03/16/PUNCH_L0_CR1_20260316231229_v0l.fits [1607040] -> "Real/0/CR1/2026/03/16/PUNCH_L0_CR1_20260316231229_v0l.fits" [1]
2026-07-30 19:02:15 URL:https://umbra.nascom.nasa.gov/punch/0/CR1/2026/03/16/PUNCH_L0_CR1_20260316232029_v0j.fits [1595520] -> "Real/0/CR1/2026/03/16/PUNCH_L0_CR1_20260316232029_v0j.fits" [1]
2026-07-30 19:02:25 URL:https://umbra.nascom.nasa.gov/punch/0/CR1/2026/03/16/PUNCH_L0_CR1_20260316232029_v0l.fits [1595520] -> "Real/0/CR1/2026/03/16/PUNCH_L0_CR1_20260316232029_v0l.fits" [1]
2026-07-30 19:02:32 URL:https://umbra.nascom.nasa.gov/punch/0/CR1/2026/03/16/PUNCH_L0_CR1_20260316232829_v0j.fits [1560960] -> "Real/0/CR1/2026/03/16/PUNCH_L0_CR1_20260316232829_v0j.fits" [1]
2026-07-30 19:02:43 URL:https://umbra.nascom.nasa.gov/punch/0/CR1/2026/03/16/PUNCH_L0_CR1_20260316232829_v0l.fits [1560960] -> "Real/0/CR1/2026/03/16/PUNCH_L0_CR1_20260316232829_v0l.fits" [1]
2026-07-30 19:02:51 URL:https://umbra.nascom.nasa.gov/punch/0/CR1/2026/03/16/PUNCH_L0_CR1_20260316233629_v0j.fits [1517760] -> "Real/0/CR1/2026/03/16/PUNCH_L0_CR1_20260316233629_v0j.fits" [1]
2026-07-30 19:02:57 URL:https://umbra.nascom.nasa.gov/punch/0/CR1/2026/03/16/PUNCH_L0_CR1_20260316233629_v0l.fits [1517760] -> "Real/0/CR1/2026/03/16/PUNCH_L0_CR1_20260316233629_v0l.fits" [1]
2026-07-30 19:03:05 URL:https://umbra.nascom.nasa.gov/punch/0/CR1/2026/03/16/PUNCH_L0_CR1_20260316234429_v0j.fits [1483200] -> "Real/0/CR1/2026/03/16/PUNCH_L0_CR1_20260316234429_v0j.fits" [1]
2026-07-30 19:03:12 URL:https://umbra.nascom.nasa.gov/punch/0/CR1/2026/03/16/PUNCH_L0_CR1_20260316234429_v0l.fits [1483200] -> "Real/0/CR1/2026/03/16/PUNCH_L0_CR1_20260316234429_v0l.fits" [1]
2026-07-30 19:03:22 URL:https://umbra.nascom.nasa.gov/punch/0/CR1/2026/03/16/PUNCH_L0_CR1_20260316235229_v0j.fits [1460160] -> "Real/0/CR1/2026/03/16/PUNCH_L0_CR1_20260316235229_v0j.fits" [1]
2026-07-30 19:03:30 URL:https://umbra.nascom.nasa.gov/punch/0/CR1/2026/03/16/PUNCH_L0_CR1_20260316235229_v0l.fits [1460160] -> "Real/0/CR1/2026/03/16/PUNCH_L0_CR1_20260316235229_v0l.fits" [1]
Last-modified header missing -- time-stamps turned off.
2026-07-30 19:03:37 URL:https://umbra.nascom.nasa.gov/punch/0/CR1/2026/03/16/?C=N;O=A [91440] -> "Real/0/CR1/2026/03/16/index.html?C=N;O=A.tmp" [1]
Last-modified header missing -- time-stamps turned off.
2026-07-30 19:03:43 URL:https://umbra.nascom.nasa.gov/punch/0/CR1/2026/03/16/?C=M;O=D [91440] -> "Real/0/CR1/2026/03/16/index.html?C=M;O=D.tmp" [1]
Last-modified header missing -- time-stamps turned off.
2026-07-30 19:03:50 URL:https://umbra.nascom.nasa.gov/punch/0/CR1/2026/03/16/?C=S;O=D [91440] -> "Real/0/CR1/2026/03/16/index.html?C=S;O=D.tmp" [1]
Last-modified header missing -- time-stamps turned off.
2026-07-30 19:03:59 URL:https://umbra.nascom.nasa.gov/punch/0/CR1/2026/03/16/?C=D;O=D [91440] -> "Real/0/CR1/2026/03/16/index.html?C=D;O=D.tmp" [1]
Last-modified header missing -- time-stamps turned off.
2026-07-30 19:04:06 URL:https://umbra.nascom.nasa.gov/punch/0/CR1/2026/03/?C=N;O=D [6477] -> "Real/0/CR1/2026/03/index.html?C=N;O=D.tmp" [1]
Last-modified header missing -- time-stamps turned off.
2026-07-30 19:04:13 URL:https://umbra.nascom.nasa.gov/punch/0/CR1/2026/03/?C=M;O=A [6477] -> "Real/0/CR1/2026/03/index.html?C=M;O=A.tmp" [1]
Last-modified header missing -- time-stamps turned off.
2026-07-30 19:04:18 URL:https://umbra.nascom.nasa.gov/punch/0/CR1/2026/03/?C=S;O=A [6477] -> "Real/0/CR1/2026/03/index.html?C=S;O=A.tmp" [1]
Last-modified header missing -- time-stamps turned off.
2026-07-30 19:04:27 URL:https://umbra.nascom.nasa.gov/punch/0/CR1/2026/03/?C=D;O=A [6477] -> "Real/0/CR1/2026/03/index.html?C=D;O=A.tmp" [1]
Last-modified header missing -- time-stamps turned off.
2026-07-30 19:04:36 URL:https://umbra.nascom.nasa.gov/punch/0/CR1/2026/03/01/ [91440] -> "Real/0/CR1/2026/03/01/index.html.tmp" [1]
Last-modified header missing -- time-stamps turned off.
2026-07-30 19:04:44 URL:https://umbra.nascom.nasa.gov/punch/0/CR1/2026/03/02/ [90936] -> "Real/0/CR1/2026/03/02/index.html.tmp" [1]
Last-modified header missing -- time-stamps turned off.
2026-07-30 19:04:52 URL:https://umbra.nascom.nasa.gov/punch/0/CR1/2026/03/03/ [90432] -> "Real/0/CR1/2026/03/03/index.html.tmp" [1]
Last-modified header missing -- time-stamps turned off.
2026-07-30 19:04:58 URL:https://umbra.nascom.nasa.gov/punch/0/CR1/2026/03/04/ [90432] -> "Real/0/CR1/2026/03/04/index.html.tmp" [1]
Last-modified header missing -- time-stamps turned off.
2026-07-30 19:05:05 URL:https://umbra.nascom.nasa.gov/punch/0/CR1/2026/03/05/ [91440] -> "Real/0/CR1/2026/03/05/index.html.tmp" [1]
Last-modified header missing -- time-stamps turned off.
2026-07-30 19:05:12 URL:https://umbra.nascom.nasa.gov/punch/0/CR1/2026/03/06/ [90936] -> "Real/0/CR1/2026/03/06/index.html.tmp" [1]
Last-modified header missing -- time-stamps turned off.
2026-07-30 19:05:21 URL:https://umbra.nascom.nasa.gov/punch/0/CR1/2026/03/07/ [89172] -> "Real/0/CR1/2026/03/07/index.html.tmp" [1]
Last-modified header missing -- time-stamps turned off.
2026-07-30 19:05:32 URL:https://umbra.nascom.nasa.gov/punch/0/CR1/2026/03/08/ [90936] -> "Real/0/CR1/2026/03/08/index.html.tmp" [1]
Last-modified header missing -- time-stamps turned off.
2026-07-30 19:05:39 URL:https://umbra.nascom.nasa.gov/punch/0/CR1/2026/03/09/ [91188] -> "Real/0/CR1/2026/03/09/index.html.tmp" [1]
Last-modified header missing -- time-stamps turned off.
2026-07-30 19:05:46 URL:https://umbra.nascom.nasa.gov/punch/0/CR1/2026/03/10/ [91188] -> "Real/0/CR1/2026/03/10/index.html.tmp" [1]
Last-modified header missing -- time-stamps turned off.
2026-07-30 19:05:55 URL:https://umbra.nascom.nasa.gov/punch/0/CR1/2026/03/11/ [91440] -> "Real/0/CR1/2026/03/11/index.html.tmp" [1]
Last-modified header missing -- time-stamps turned off.
2026-07-30 19:06:03 URL:https://umbra.nascom.nasa.gov/punch/0/CR1/2026/03/12/ [91440] -> "Real/0/CR1/2026/03/12/index.html.tmp" [1]
Last-modified header missing -- time-stamps turned off.
2026-07-30 19:06:10 URL:https://umbra.nascom.nasa.gov/punch/0/CR1/2026/03/13/ [90432] -> "Real/0/CR1/2026/03/13/index.html.tmp" [1]
Last-modified header missing -- time-stamps turned off.
2026-07-30 19:06:17 URL:https://umbra.nascom.nasa.gov/punch/0/CR1/2026/03/14/ [91440] -> "Real/0/CR1/2026/03/14/index.html.tmp" [1]
Last-modified header missing -- time-stamps turned off.
2026-07-30 19:06:24 URL:https://umbra.nascom.nasa.gov/punch/0/CR1/2026/03/15/ [91440] -> "Real/0/CR1/2026/03/15/index.html.tmp" [1]
Last-modified header missing -- time-stamps turned off.
2026-07-30 19:06:31 URL:https://umbra.nascom.nasa.gov/punch/0/CR1/2026/03/17/ [91692] -> "Real/0/CR1/2026/03/17/index.html.tmp" [1]
Last-modified header missing -- time-stamps turned off.
2026-07-30 19:06:41 URL:https://umbra.nascom.nasa.gov/punch/0/CR1/2026/03/18/ [91440] -> "Real/0/CR1/2026/03/18/index.html.tmp" [1]
Last-modified header missing -- time-stamps turned off.
2026-07-30 19:06:48 URL:https://umbra.nascom.nasa.gov/punch/0/CR1/2026/03/19/ [91440] -> "Real/0/CR1/2026/03/19/index.html.tmp" [1]
Last-modified header missing -- time-stamps turned off.
2026-07-30 19:06:55 URL:https://umbra.nascom.nasa.gov/punch/0/CR1/2026/03/20/ [91440] -> "Real/0/CR1/2026/03/20/index.html.tmp" [1]
Last-modified header missing -- time-stamps turned off.
2026-07-30 19:07:02 URL:https://umbra.nascom.nasa.gov/punch/0/CR1/2026/03/21/ [91188] -> "Real/0/CR1/2026/03/21/index.html.tmp" [1]
Last-modified header missing -- time-stamps turned off.
2026-07-30 19:07:09 URL:https://umbra.nascom.nasa.gov/punch/0/CR1/2026/03/22/ [91188] -> "Real/0/CR1/2026/03/22/index.html.tmp" [1]
Last-modified header missing -- time-stamps turned off.
2026-07-30 19:07:18 URL:https://umbra.nascom.nasa.gov/punch/0/CR1/2026/03/23/ [91440] -> "Real/0/CR1/2026/03/23/index.html.tmp" [1]
Last-modified header missing -- time-stamps turned off.
2026-07-30 19:07:25 URL:https://umbra.nascom.nasa.gov/punch/0/CR1/2026/03/24/ [91440] -> "Real/0/CR1/2026/03/24/index.html.tmp" [1]
Last-modified header missing -- time-stamps turned off.
2026-07-30 19:07:32 URL:https://umbra.nascom.nasa.gov/punch/0/CR1/2026/03/25/ [90936] -> "Real/0/CR1/2026/03/25/index.html.tmp" [1]
Last-modified header missing -- time-stamps turned off.
2026-07-30 19:07:42 URL:https://umbra.nascom.nasa.gov/punch/0/CR1/2026/03/26/ [91440] -> "Real/0/CR1/2026/03/26/index.html.tmp" [1]
Last-modified header missing -- time-stamps turned off.
2026-07-30 19:07:49 URL:https://umbra.nascom.nasa.gov/punch/0/CR1/2026/03/27/ [91440] -> "Real/0/CR1/2026/03/27/index.html.tmp" [1]
Last-modified header missing -- time-stamps turned off.
2026-07-30 19:07:59 URL:https://umbra.nascom.nasa.gov/punch/0/CR1/2026/03/28/ [91440] -> "Real/0/CR1/2026/03/28/index.html.tmp" [1]
Last-modified header missing -- time-stamps turned off.
2026-07-30 19:08:22 URL:https://umbra.nascom.nasa.gov/punch/0/CR1/2026/03/29/ [91440] -> "Real/0/CR1/2026/03/29/index.html.tmp" [1]
Last-modified header missing -- time-stamps turned off.
2026-07-30 19:08:28 URL:https://umbra.nascom.nasa.gov/punch/0/CR1/2026/03/30/ [91440] -> "Real/0/CR1/2026/03/30/index.html.tmp" [1]
Last-modified header missing -- time-stamps turned off.
2026-07-30 19:08:39 URL:https://umbra.nascom.nasa.gov/punch/0/CR1/2026/03/31/ [91440] -> "Real/0/CR1/2026/03/31/index.html.tmp" [1]
FINISHED --2026-07-30 19:08:39--
Total wall clock time: 4h 26m 59s
Downloaded: 404 files, 522M in 2m 55s (2.98 MB/s)

