The time for Real/0/CR1/2026/03/16/PUNCH_L0_CR1_20260316000029_v0j.fits is 1785444102.8735092
The time for PUNCH_L0_CR1_20260316000029_v0l.fits is 1785444103.319 with delta=0.445 sec
The time for PUNCH_L0_CR1_20260316000829_v0j.fits is 1785444103.768 with delta=0.449 sec
The time for PUNCH_L0_CR1_20260316000829_v0l.fits is 1785444104.211 with delta=0.443 sec
The time for PUNCH_L0_CR1_20260316001629_v0j.fits is 1785444104.658 with delta=0.447 sec
The time for PUNCH_L0_CR1_20260316001629_v0l.fits is 1785444105.111 with delta=0.453 sec
The time for PUNCH_L0_CR1_20260316002429_v0j.fits is 1785444105.557 with delta=0.446 sec
The time for PUNCH_L0_CR1_20260316002429_v0l.fits is 1785444106.002 with delta=0.445 sec
The time for PUNCH_L0_CR1_20260316003229_v0j.fits is 1785444106.449 with delta=0.447 sec
The time for PUNCH_L0_CR1_20260316003229_v0l.fits is 1785444106.9 with delta=0.451 sec
The time for PUNCH_L0_CR1_20260316004029_v0j.fits is 1785444107.346 with delta=0.446 sec
The time for PUNCH_L0_CR1_20260316004029_v0l.fits is 1785444107.791 with delta=0.445 sec
The time for PUNCH_L0_CR1_20260316004829_v0j.fits is 1785444108.239 with delta=0.448 sec
The time for PUNCH_L0_CR1_20260316004829_v0l.fits is 1785444108.682 with delta=0.443 sec
The time for PUNCH_L0_CR1_20260316005629_v0j.fits is 1785444109.127 with delta=0.445 sec
The time for PUNCH_L0_CR1_20260316005629_v0l.fits is 1785444109.572 with delta=0.445 sec
The time for PUNCH_L0_CR1_20260316010429_v0j.fits is 1785444110.015 with delta=0.443 sec
The time for PUNCH_L0_CR1_20260316010429_v0l.fits is 1785444110.457 with delta=0.442 sec
The time for PUNCH_L0_CR1_20260316011229_v0j.fits is 1785444110.905 with delta=0.448 sec
The time for PUNCH_L0_CR1_20260316011229_v0l.fits is 1785444111.349 with delta=0.444 sec
The time for PUNCH_L0_CR1_20260316012029_v0j.fits is 1785444111.794 with delta=0.445 sec
The time for PUNCH_L0_CR1_20260316012029_v0l.fits is 1785444112.241 with delta=0.447 sec
The time for PUNCH_L0_CR1_20260316012829_v0j.fits is 1785444112.691 with delta=0.45 sec
The time for PUNCH_L0_CR1_20260316012829_v0l.fits is 1785444113.132 with delta=0.441 sec
The time for PUNCH_L0_CR1_20260316013629_v0j.fits is 1785444113.578 with delta=0.446 sec
The time for PUNCH_L0_CR1_20260316013629_v0l.fits is 1785444114.024 with delta=0.446 sec
The time for PUNCH_L0_CR1_20260316014429_v0j.fits is 1785444114.468 with delta=0.444 sec
The time for PUNCH_L0_CR1_20260316014429_v0l.fits is 1785444114.915 with delta=0.447 sec
The time for PUNCH_L0_CR1_20260316015229_v0j.fits is 1785444115.387 with delta=0.472 sec
The time for PUNCH_L0_CR1_20260316015229_v0l.fits is 1785444115.853 with delta=0.466 sec
The time for PUNCH_L0_CR1_20260316020029_v0j.fits is 1785444116.315 with delta=0.462 sec
The time for PUNCH_L0_CR1_20260316020029_v0l.fits is 1785444116.792 with delta=0.477 sec
The time for PUNCH_L0_CR1_20260316020829_v0j.fits is 1785444117.26 with delta=0.468 sec
The time for PUNCH_L0_CR1_20260316020829_v0l.fits is 1785444117.732 with delta=0.472 sec
The time for PUNCH_L0_CR1_20260316021629_v0j.fits is 1785444118.203 with delta=0.471 sec
The time for PUNCH_L0_CR1_20260316021629_v0l.fits is 1785444118.682 with delta=0.479 sec
The time for PUNCH_L0_CR1_20260316022429_v0j.fits is 1785444119.166 with delta=0.484 sec
The time for PUNCH_L0_CR1_20260316022429_v0l.fits is 1785444119.658 with delta=0.492 sec
The time for PUNCH_L0_CR1_20260316023229_v0j.fits is 1785444120.141 with delta=0.483 sec
The time for PUNCH_L0_CR1_20260316023229_v0l.fits is 1785444120.623 with delta=0.482 sec
The time for PUNCH_L0_CR1_20260316024029_v0j.fits is 1785444121.107 with delta=0.484 sec
The time for PUNCH_L0_CR1_20260316024029_v0l.fits is 1785444121.605 with delta=0.498 sec
The time for PUNCH_L0_CR1_20260316024829_v0j.fits is 1785444122.074 with delta=0.469 sec
The time for PUNCH_L0_CR1_20260316024829_v0l.fits is 1785444122.55 with delta=0.476 sec
The time for PUNCH_L0_CR1_20260316025629_v0j.fits is 1785444123.013 with delta=0.463 sec
The time for PUNCH_L0_CR1_20260316025629_v0l.fits is 1785444123.503 with delta=0.49 sec
The time for PUNCH_L0_CR1_20260316030429_v0j.fits is 1785444123.97 with delta=0.467 sec
The time for PUNCH_L0_CR1_20260316030429_v0l.fits is 1785444124.451 with delta=0.481 sec
The time for PUNCH_L0_CR1_20260316031229_v0j.fits is 1785444124.919 with delta=0.468 sec
The time for PUNCH_L0_CR1_20260316031229_v0l.fits is 1785444125.403 with delta=0.484 sec
The time for PUNCH_L0_CR1_20260316032029_v0j.fits is 1785444125.877 with delta=0.474 sec
The time for PUNCH_L0_CR1_20260316032029_v0l.fits is 1785444126.355 with delta=0.478 sec
The time for PUNCH_L0_CR1_20260316032829_v0j.fits is 1785444126.818 with delta=0.463 sec
The time for PUNCH_L0_CR1_20260316032829_v0l.fits is 1785444127.293 with delta=0.475 sec
The time for PUNCH_L0_CR1_20260316033629_v0j.fits is 1785444127.766 with delta=0.473 sec
The time for PUNCH_L0_CR1_20260316033629_v0l.fits is 1785444128.241 with delta=0.475 sec
The time for PUNCH_L0_CR1_20260316034429_v0j.fits is 1785444128.715 with delta=0.474 sec
The time for PUNCH_L0_CR1_20260316034429_v0l.fits is 1785444129.192 with delta=0.477 sec
The time for PUNCH_L0_CR1_20260316035229_v0l.fits is 1785444144.763 with delta=15.571 sec <- *LONG*
The time for PUNCH_L0_CR1_20260316040029_v0j.fits is 1785444145.251 with delta=0.488 sec
The time for PUNCH_L0_CR1_20260316040029_v0l.fits is 1785444145.727 with delta=0.476 sec
The time for PUNCH_L0_CR1_20260316040829_v0j.fits is 1785444146.194 with delta=0.467 sec
The time for PUNCH_L0_CR1_20260316040829_v0l.fits is 1785444146.667 with delta=0.473 sec
The time for PUNCH_L0_CR1_20260316041628_v0j.fits is 1785444147.157 with delta=0.49 sec
The time for PUNCH_L0_CR1_20260316041628_v0l.fits is 1785444147.626 with delta=0.469 sec
The time for PUNCH_L0_CR1_20260316042429_v0j.fits is 1785444148.092 with delta=0.466 sec
The time for PUNCH_L0_CR1_20260316042429_v0l.fits is 1785444148.571 with delta=0.479 sec
The time for PUNCH_L0_CR1_20260316043228_v0j.fits is 1785444149.042 with delta=0.471 sec
The time for PUNCH_L0_CR1_20260316043228_v0l.fits is 1785444149.521 with delta=0.479 sec
The time for PUNCH_L0_CR1_20260316044029_v0j.fits is 1785444149.997 with delta=0.476 sec
The time for PUNCH_L0_CR1_20260316044029_v0l.fits is 1785444150.469 with delta=0.472 sec
The time for PUNCH_L0_CR1_20260316044828_v0j.fits is 1785444150.934 with delta=0.465 sec
The time for PUNCH_L0_CR1_20260316044828_v0l.fits is 1785444151.408 with delta=0.474 sec
The time for PUNCH_L0_CR1_20260316045629_v0j.fits is 1785444151.878 with delta=0.47 sec
The time for PUNCH_L0_CR1_20260316045629_v0l.fits is 1785444152.357 with delta=0.479 sec
The time for PUNCH_L0_CR1_20260316050429_v0j.fits is 1785444152.835 with delta=0.478 sec
The time for PUNCH_L0_CR1_20260316050429_v0l.fits is 1785444153.311 with delta=0.476 sec
The time for PUNCH_L0_CR1_20260316051229_v0j.fits is 1785444153.79 with delta=0.479 sec
The time for PUNCH_L0_CR1_20260316051229_v0l.fits is 1785444154.274 with delta=0.484 sec
The time for PUNCH_L0_CR1_20260316052029_v0j.fits is 1785444154.75 with delta=0.476 sec
The time for PUNCH_L0_CR1_20260316052029_v0l.fits is 1785444155.22 with delta=0.47 sec
The time for PUNCH_L0_CR1_20260316052829_v0j.fits is 1785444155.714 with delta=0.494 sec
The time for PUNCH_L0_CR1_20260316052829_v0l.fits is 1785444156.186 with delta=0.472 sec
The time for PUNCH_L0_CR1_20260316053629_v0j.fits is 1785444156.683 with delta=0.497 sec
The time for PUNCH_L0_CR1_20260316053629_v0l.fits is 1785444157.179 with delta=0.496 sec
The time for PUNCH_L0_CR1_20260316054429_v0j.fits is 1785444157.645 with delta=0.466 sec
The time for PUNCH_L0_CR1_20260316054429_v0l.fits is 1785444158.114 with delta=0.469 sec
The time for PUNCH_L0_CR1_20260316055229_v0j.fits is 1785444158.578 with delta=0.464 sec
The time for PUNCH_L0_CR1_20260316055229_v0l.fits is 1785444159.059 with delta=0.481 sec
The time for PUNCH_L0_CR1_20260316060029_v0j.fits is 1785444159.529 with delta=0.47 sec
The time for PUNCH_L0_CR1_20260316060029_v0l.fits is 1785444160.001 with delta=0.472 sec
The time for PUNCH_L0_CR1_20260316060829_v0j.fits is 1785444160.474 with delta=0.473 sec
The time for PUNCH_L0_CR1_20260316060829_v0l.fits is 1785444160.945 with delta=0.471 sec
The time for PUNCH_L0_CR1_20260316061629_v0j.fits is 1785444161.415 with delta=0.47 sec
The time for PUNCH_L0_CR1_20260316061629_v0l.fits is 1785444161.886 with delta=0.471 sec
The time for PUNCH_L0_CR1_20260316062429_v0j.fits is 1785444162.364 with delta=0.478 sec
The time for PUNCH_L0_CR1_20260316062429_v0l.fits is 1785444162.846 with delta=0.482 sec
The time for PUNCH_L0_CR1_20260316063229_v0j.fits is 1785444163.325 with delta=0.479 sec
The time for PUNCH_L0_CR1_20260316063229_v0l.fits is 1785444163.803 with delta=0.478 sec
The time for PUNCH_L0_CR1_20260316064029_v0j.fits is 1785444164.264 with delta=0.461 sec
The time for PUNCH_L0_CR1_20260316064029_v0l.fits is 1785444164.74 with delta=0.476 sec
The time for PUNCH_L0_CR1_20260316064829_v0j.fits is 1785444165.213 with delta=0.473 sec
The time for PUNCH_L0_CR1_20260316064829_v0l.fits is 1785444165.688 with delta=0.475 sec
The time for PUNCH_L0_CR1_20260316065629_v0j.fits is 1785444166.157 with delta=0.469 sec
The time for PUNCH_L0_CR1_20260316065629_v0l.fits is 1785444166.656 with delta=0.499 sec
The time for PUNCH_L0_CR1_20260316070429_v0j.fits is 1785444167.127 with delta=0.471 sec
The time for PUNCH_L0_CR1_20260316070429_v0l.fits is 1785444167.582 with delta=0.455 sec
The time for PUNCH_L0_CR1_20260316071229_v0j.fits is 1785444168.056 with delta=0.474 sec
The time for PUNCH_L0_CR1_20260316071229_v0l.fits is 1785445070.363 with delta=902.307 sec <- *LONG*
The time for PUNCH_L0_CR1_20260316072029_v0j.fits is 1785445973.949 with delta=903.585 sec <- *LONG*
The time for PUNCH_L0_CR1_20260316072029_v0l.fits is 1785445974.691 with delta=0.742 sec
The time for PUNCH_L0_CR1_20260316072829_v0j.fits is 1785445975.241 with delta=0.55 sec
The time for PUNCH_L0_CR1_20260316072829_v0l.fits is 1785445975.745 with delta=0.504 sec
The time for PUNCH_L0_CR1_20260316073629_v0j.fits is 1785445976.246 with delta=0.501 sec
The time for PUNCH_L0_CR1_20260316073629_v0l.fits is 1785445976.797 with delta=0.551 sec
The time for PUNCH_L0_CR1_20260316074429_v0j.fits is 1785445978.359 with delta=1.562 sec
The time for PUNCH_L0_CR1_20260316074429_v0l.fits is 1785445978.89 with delta=0.531 sec
The time for PUNCH_L0_CR1_20260316075229_v0j.fits is 1785445979.391 with delta=0.501 sec
The time for PUNCH_L0_CR1_20260316075229_v0l.fits is 1785445980.157 with delta=0.766 sec
The time for PUNCH_L0_CR1_20260316080029_v0j.fits is 1785445980.638 with delta=0.481 sec
The time for PUNCH_L0_CR1_20260316080029_v0l.fits is 1785445981.144 with delta=0.506 sec
The time for PUNCH_L0_CR1_20260316080828_v0j.fits is 1785445981.614 with delta=0.47 sec
The time for PUNCH_L0_CR1_20260316080828_v0l.fits is 1785445982.136 with delta=0.522 sec
The time for PUNCH_L0_CR1_20260316081629_v0j.fits is 1785445982.612 with delta=0.476 sec
The time for PUNCH_L0_CR1_20260316081629_v0l.fits is 1785445983.127 with delta=0.515 sec
The time for PUNCH_L0_CR1_20260316082429_v0j.fits is 1785445983.652 with delta=0.525 sec
The time for PUNCH_L0_CR1_20260316082429_v0l.fits is 1785445984.146 with delta=0.494 sec
The time for PUNCH_L0_CR1_20260316083228_v0j.fits is 1785445984.653 with delta=0.507 sec
The time for PUNCH_L0_CR1_20260316083228_v0l.fits is 1785445985.143 with delta=0.49 sec
The time for PUNCH_L0_CR1_20260316084029_v0j.fits is 1785445985.627 with delta=0.484 sec
The time for PUNCH_L0_CR1_20260316084029_v0l.fits is 1785445986.12 with delta=0.493 sec
The time for PUNCH_L0_CR1_20260316084829_v0j.fits is 1785445986.633 with delta=0.513 sec
The time for PUNCH_L0_CR1_20260316084829_v0l.fits is 1785445987.143 with delta=0.51 sec
The time for PUNCH_L0_CR1_20260316085629_v0j.fits is 1785445987.721 with delta=0.578 sec
The time for PUNCH_L0_CR1_20260316085629_v0l.fits is 1785445988.295 with delta=0.574 sec
The time for PUNCH_L0_CR1_20260316090429_v0j.fits is 1785445988.884 with delta=0.589 sec
The time for PUNCH_L0_CR1_20260316090429_v0l.fits is 1785445989.473 with delta=0.589 sec
The time for PUNCH_L0_CR1_20260316091229_v0j.fits is 1785445990.071 with delta=0.598 sec
The time for PUNCH_L0_CR1_20260316091229_v0l.fits is 1785445990.669 with delta=0.598 sec
The time for PUNCH_L0_CR1_20260316092029_v0j.fits is 1785445991.27 with delta=0.601 sec
The time for PUNCH_L0_CR1_20260316092029_v0l.fits is 1785445991.933 with delta=0.663 sec
The time for PUNCH_L0_CR1_20260316092829_v0j.fits is 1785445992.962 with delta=1.029 sec
The time for PUNCH_L0_CR1_20260316092829_v0l.fits is 1785445993.584 with delta=0.622 sec
The time for PUNCH_L0_CR1_20260316093629_v0j.fits is 1785445995.206 with delta=1.622 sec
The time for PUNCH_L0_CR1_20260316093629_v0l.fits is 1785445995.794 with delta=0.588 sec
The time for PUNCH_L0_CR1_20260316094428_v0j.fits is 1785445996.422 with delta=0.628 sec
The time for PUNCH_L0_CR1_20260316094428_v0l.fits is 1785445997.063 with delta=0.641 sec
The time for PUNCH_L0_CR1_20260316095229_v0j.fits is 1785445998.722 with delta=1.659 sec
The time for PUNCH_L0_CR1_20260316095229_v0l.fits is 1785445999.462 with delta=0.74 sec
The time for PUNCH_L0_CR1_20260316100029_v0j.fits is 1785446000.178 with delta=0.716 sec
The time for PUNCH_L0_CR1_20260316100029_v0l.fits is 1785446000.847 with delta=0.669 sec
The time for PUNCH_L0_CR1_20260316100829_v0j.fits is 1785446001.504 with delta=0.657 sec
The time for PUNCH_L0_CR1_20260316100829_v0l.fits is 1785446002.181 with delta=0.677 sec
The time for PUNCH_L0_CR1_20260316101629_v0j.fits is 1785446002.864 with delta=0.683 sec
The time for PUNCH_L0_CR1_20260316101629_v0l.fits is 1785446905.82 with delta=902.957 sec <- *LONG*
The time for PUNCH_L0_CR1_20260316102429_v0j.fits is 1785446906.464 with delta=0.644 sec
The time for PUNCH_L0_CR1_20260316102429_v0l.fits is 1785446907.09 with delta=0.626 sec
The time for PUNCH_L0_CR1_20260316103229_v0j.fits is 1785446908.659 with delta=1.569 sec
The time for PUNCH_L0_CR1_20260316103229_v0l.fits is 1785446910.191 with delta=1.532 sec
The time for PUNCH_L0_CR1_20260316104029_v0j.fits is 1785446911.098 with delta=0.907 sec
The time for PUNCH_L0_CR1_20260316104029_v0l.fits is 1785446911.707 with delta=0.609 sec
The time for PUNCH_L0_CR1_20260316104829_v0j.fits is 1785446912.319 with delta=0.612 sec
The time for PUNCH_L0_CR1_20260316104829_v0l.fits is 1785446912.909 with delta=0.59 sec
The time for PUNCH_L0_CR1_20260316105629_v0j.fits is 1785446913.517 with delta=0.608 sec
The time for PUNCH_L0_CR1_20260316105629_v0l.fits is 1785446914.11 with delta=0.593 sec
The time for PUNCH_L0_CR1_20260316110429_v0j.fits is 1785446914.702 with delta=0.592 sec
The time for PUNCH_L0_CR1_20260316110429_v0l.fits is 1785446915.298 with delta=0.596 sec
The time for PUNCH_L0_CR1_20260316111229_v0j.fits is 1785446915.897 with delta=0.599 sec
The time for PUNCH_L0_CR1_20260316111229_v0l.fits is 1785446916.505 with delta=0.608 sec
The time for PUNCH_L0_CR1_20260316112029_v0j.fits is 1785446917.098 with delta=0.593 sec
The time for PUNCH_L0_CR1_20260316112029_v0l.fits is 1785446917.689 with delta=0.591 sec
The time for PUNCH_L0_CR1_20260316112829_v0j.fits is 1785446918.354 with delta=0.665 sec
The time for PUNCH_L0_CR1_20260316112829_v0l.fits is 1785446918.991 with delta=0.637 sec
The time for PUNCH_L0_CR1_20260316113629_v0j.fits is 1785446919.639 with delta=0.648 sec
The time for PUNCH_L0_CR1_20260316113629_v0l.fits is 1785446920.277 with delta=0.638 sec
The time for PUNCH_L0_CR1_20260316114429_v0j.fits is 1785446920.904 with delta=0.627 sec
The time for PUNCH_L0_CR1_20260316114429_v0l.fits is 1785446921.532 with delta=0.628 sec
The time for PUNCH_L0_CR1_20260316115229_v0j.fits is 1785446922.172 with delta=0.64 sec
The time for PUNCH_L0_CR1_20260316115229_v0l.fits is 1785446922.799 with delta=0.627 sec
The time for PUNCH_L0_CR1_20260316120029_v0j.fits is 1785446923.431 with delta=0.632 sec
The time for PUNCH_L0_CR1_20260316120029_v0l.fits is 1785446924.069 with delta=0.638 sec
The time for PUNCH_L0_CR1_20260316120829_v0j.fits is 1785446924.65 with delta=0.581 sec
The time for PUNCH_L0_CR1_20260316120829_v0l.fits is 1785446925.248 with delta=0.598 sec
The time for PUNCH_L0_CR1_20260316121629_v0j.fits is 1785446925.845 with delta=0.597 sec
The time for PUNCH_L0_CR1_20260316121629_v0l.fits is 1785446926.493 with delta=0.648 sec
The time for PUNCH_L0_CR1_20260316122429_v0j.fits is 1785446927.079 with delta=0.586 sec
The time for PUNCH_L0_CR1_20260316122429_v0l.fits is 1785446927.831 with delta=0.752 sec
The time for PUNCH_L0_CR1_20260316123229_v0j.fits is 1785446928.637 with delta=0.806 sec
The time for PUNCH_L0_CR1_20260316123229_v0l.fits is 1785446929.412 with delta=0.775 sec
The time for PUNCH_L0_CR1_20260316124029_v0j.fits is 1785446930.174 with delta=0.762 sec
The time for PUNCH_L0_CR1_20260316124029_v0l.fits is 1785446930.949 with delta=0.775 sec
The time for PUNCH_L0_CR1_20260316124829_v0j.fits is 1785446931.819 with delta=0.87 sec
The time for PUNCH_L0_CR1_20260316124829_v0l.fits is 1785446932.565 with delta=0.746 sec
The time for PUNCH_L0_CR1_20260316125629_v0j.fits is 1785446933.319 with delta=0.754 sec
The time for PUNCH_L0_CR1_20260316125629_v0l.fits is 1785446934.071 with delta=0.752 sec
The time for PUNCH_L0_CR1_20260316130429_v0j.fits is 1785446934.851 with delta=0.78 sec
The time for PUNCH_L0_CR1_20260316130429_v0l.fits is 1785446935.628 with delta=0.777 sec
The time for PUNCH_L0_CR1_20260316131229_v0j.fits is 1785446936.41 with delta=0.782 sec
The time for PUNCH_L0_CR1_20260316131229_v0l.fits is 1785446937.166 with delta=0.756 sec
The time for PUNCH_L0_CR1_20260316132029_v0j.fits is 1785446937.948 with delta=0.782 sec
The time for PUNCH_L0_CR1_20260316132029_v0l.fits is 1785446938.741 with delta=0.793 sec
The time for PUNCH_L0_CR1_20260316132829_v0j.fits is 1785446939.522 with delta=0.781 sec
The time for PUNCH_L0_CR1_20260316132829_v0l.fits is 1785446940.325 with delta=0.803 sec
The time for PUNCH_L0_CR1_20260316133629_v0j.fits is 1785446941.124 with delta=0.799 sec
The time for PUNCH_L0_CR1_20260316133629_v0l.fits is 1785446941.914 with delta=0.79 sec
The time for PUNCH_L0_CR1_20260316134429_v0j.fits is 1785449650.674 with delta=2708.759 sec <- *LONG*
The time for PUNCH_L0_CR1_20260316134429_v0l.fits is 1785449651.498 with delta=0.824 sec
The time for PUNCH_L0_CR1_20260316135229_v0j.fits is 1785449652.319 with delta=0.821 sec
The time for PUNCH_L0_CR1_20260316135229_v0l.fits is 1785449653.101 with delta=0.782 sec
The time for PUNCH_L0_CR1_20260316140029_v0j.fits is 1785449653.871 with delta=0.77 sec
The time for PUNCH_L0_CR1_20260316140029_v0l.fits is 1785449654.683 with delta=0.812 sec
The time for PUNCH_L0_CR1_20260316140829_v0j.fits is 1785449655.464 with delta=0.781 sec
The time for PUNCH_L0_CR1_20260316140829_v0l.fits is 1785449656.228 with delta=0.764 sec
The time for PUNCH_L0_CR1_20260316141629_v0j.fits is 1785449657.024 with delta=0.796 sec
The time for PUNCH_L0_CR1_20260316141629_v0l.fits is 1785449657.843 with delta=0.819 sec
The time for PUNCH_L0_CR1_20260316142429_v0j.fits is 1785449658.697 with delta=0.854 sec
The time for PUNCH_L0_CR1_20260316142429_v0l.fits is 1785449659.466 with delta=0.769 sec
The time for PUNCH_L0_CR1_20260316143229_v0j.fits is 1785449660.318 with delta=0.852 sec
The time for PUNCH_L0_CR1_20260316143229_v0l.fits is 1785449661.156 with delta=0.838 sec
The time for PUNCH_L0_CR1_20260316144029_v0j.fits is 1785449662.076 with delta=0.92 sec
The time for PUNCH_L0_CR1_20260316144029_v0l.fits is 1785449662.89 with delta=0.814 sec
The time for PUNCH_L0_CR1_20260316144829_v0j.fits is 1785449663.701 with delta=0.811 sec
The time for PUNCH_L0_CR1_20260316144829_v0l.fits is 1785449664.544 with delta=0.843 sec
The time for PUNCH_L0_CR1_20260316145629_v0j.fits is 1785449665.387 with delta=0.843 sec
The time for PUNCH_L0_CR1_20260316145629_v0l.fits is 1785449666.213 with delta=0.826 sec
The time for PUNCH_L0_CR1_20260316150429_v0j.fits is 1785449667.066 with delta=0.853 sec
The time for PUNCH_L0_CR1_20260316150429_v0l.fits is 1785449667.894 with delta=0.828 sec
The time for PUNCH_L0_CR1_20260316151228_v0j.fits is 1785449668.759 with delta=0.865 sec
The time for PUNCH_L0_CR1_20260316151228_v0l.fits is 1785449669.572 with delta=0.813 sec
The time for PUNCH_L0_CR1_20260316152029_v0j.fits is 1785449670.404 with delta=0.832 sec
The time for PUNCH_L0_CR1_20260316152029_v0l.fits is 1785449671.202 with delta=0.798 sec
The time for PUNCH_L0_CR1_20260316152829_v0j.fits is 1785449671.982 with delta=0.78 sec
The time for PUNCH_L0_CR1_20260316152829_v0l.fits is 1785449672.782 with delta=0.8 sec
The time for PUNCH_L0_CR1_20260316153629_v0j.fits is 1785449673.528 with delta=0.746 sec
The time for PUNCH_L0_CR1_20260316153629_v0l.fits is 1785449674.291 with delta=0.763 sec
The time for PUNCH_L0_CR1_20260316154428_v0j.fits is 1785449675.071 with delta=0.78 sec
The time for PUNCH_L0_CR1_20260316154428_v0l.fits is 1785449675.83 with delta=0.759 sec
The time for PUNCH_L0_CR1_20260316155229_v0j.fits is 1785449676.68 with delta=0.85 sec
The time for PUNCH_L0_CR1_20260316155229_v0l.fits is 1785449677.493 with delta=0.813 sec
The time for PUNCH_L0_CR1_20260316160029_v0j.fits is 1785449678.244 with delta=0.751 sec
The time for PUNCH_L0_CR1_20260316160029_v0l.fits is 1785449679.027 with delta=0.783 sec
The time for PUNCH_L0_CR1_20260316160828_v0j.fits is 1785450591.223 with delta=912.196 sec <- *LONG*
The time for PUNCH_L0_CR1_20260316160828_v0l.fits is 1785450606.127 with delta=14.903 sec <- *LONG*
The time for PUNCH_L0_CR1_20260316161629_v0j.fits is 1785450614.31 with delta=8.183 sec
The time for PUNCH_L0_CR1_20260316161629_v0l.fits is 1785450622.871 with delta=8.561 sec
The time for PUNCH_L0_CR1_20260316162429_v0j.fits is 1785450631.137 with delta=8.266 sec
The time for PUNCH_L0_CR1_20260316162429_v0l.fits is 1785450637.124 with delta=5.987 sec
The time for PUNCH_L0_CR1_20260316163229_v0j.fits is 1785450649.051 with delta=11.927 sec <- *LONG*
The time for PUNCH_L0_CR1_20260316163229_v0l.fits is 1785451581.046 with delta=931.995 sec <- *LONG*
The time for PUNCH_L0_CR1_20260316164029_v0j.fits is 1785451589.906 with delta=8.86 sec
The time for PUNCH_L0_CR1_20260316164029_v0l.fits is 1785451597.014 with delta=7.108 sec
The time for PUNCH_L0_CR1_20260316164829_v0j.fits is 1785451605.831 with delta=8.817 sec
The time for PUNCH_L0_CR1_20260316164829_v0l.fits is 1785451613.24 with delta=7.409 sec
The time for PUNCH_L0_CR1_20260316165629_v0j.fits is 1785451620.711 with delta=7.471 sec
The time for PUNCH_L0_CR1_20260316165629_v0l.fits is 1785451627.385 with delta=6.674 sec
The time for PUNCH_L0_CR1_20260316170429_v0j.fits is 1785451634.288 with delta=6.903 sec
The time for PUNCH_L0_CR1_20260316170429_v0l.fits is 1785452545.277 with delta=910.989 sec <- *LONG*
The time for PUNCH_L0_CR1_20260316171229_v0j.fits is 1785453573.806 with delta=1028.529 sec <- *LONG*
The time for PUNCH_L0_CR1_20260316171229_v0l.fits is 1785453581.328 with delta=7.522 sec
The time for PUNCH_L0_CR1_20260316172029_v0j.fits is 1785453587.892 with delta=6.564 sec
The time for PUNCH_L0_CR1_20260316172029_v0l.fits is 1785453593.799 with delta=5.907 sec
The time for PUNCH_L0_CR1_20260316172829_v0j.fits is 1785453600.279 with delta=6.48 sec
The time for PUNCH_L0_CR1_20260316172829_v0l.fits is 1785453605.642 with delta=5.363 sec
The time for PUNCH_L0_CR1_20260316173629_v0j.fits is 1785453612.89 with delta=7.248 sec
The time for PUNCH_L0_CR1_20260316173629_v0l.fits is 1785453621.146 with delta=8.256 sec
The time for PUNCH_L0_CR1_20260316174429_v0j.fits is 1785453627.937 with delta=6.791 sec
The time for PUNCH_L0_CR1_20260316174429_v0l.fits is 1785453634.528 with delta=6.591 sec
The time for PUNCH_L0_CR1_20260316175229_v0j.fits is 1785453640.854 with delta=6.326 sec
The time for PUNCH_L0_CR1_20260316175229_v0l.fits is 1785454557.404 with delta=916.55 sec <- *LONG*
The time for PUNCH_L0_CR1_20260316180029_v0j.fits is 1785454565.148 with delta=7.744 sec
The time for PUNCH_L0_CR1_20260316180029_v0l.fits is 1785454572.724 with delta=7.576 sec
The time for PUNCH_L0_CR1_20260316180829_v0j.fits is 1785454579.123 with delta=6.398 sec
The time for PUNCH_L0_CR1_20260316180829_v0l.fits is 1785454584.422 with delta=5.299 sec
The time for PUNCH_L0_CR1_20260316181629_v0j.fits is 1785454591.469 with delta=7.047 sec
The time for PUNCH_L0_CR1_20260316181629_v0l.fits is 1785454597.824 with delta=6.355 sec
The time for PUNCH_L0_CR1_20260316182429_v0j.fits is 1785454605.609 with delta=7.785 sec
The time for PUNCH_L0_CR1_20260316182429_v0l.fits is 1785454612.604 with delta=6.995 sec
The time for PUNCH_L0_CR1_20260316183229_v0j.fits is 1785454618.271 with delta=5.667 sec
The time for PUNCH_L0_CR1_20260316183229_v0l.fits is 1785454624.338 with delta=6.067 sec
The time for PUNCH_L0_CR1_20260316184029_v0j.fits is 1785454630.666 with delta=6.328 sec
The time for PUNCH_L0_CR1_20260316184029_v0l.fits is 1785454638.332 with delta=7.666 sec
The time for PUNCH_L0_CR1_20260316184828_v0j.fits is 1785454646.646 with delta=8.314 sec
The time for PUNCH_L0_CR1_20260316184828_v0l.fits is 1785454653.451 with delta=6.805 sec
The time for PUNCH_L0_CR1_20260316185629_v0j.fits is 1785454660.023 with delta=6.572 sec
The time for PUNCH_L0_CR1_20260316185629_v0l.fits is 1785454666.222 with delta=6.199 sec
The time for PUNCH_L0_CR1_20260316190428_v0j.fits is 1785454674.978 with delta=8.756 sec
The time for PUNCH_L0_CR1_20260316190428_v0l.fits is 1785454682.4 with delta=7.422 sec
The time for PUNCH_L0_CR1_20260316191229_v0j.fits is 1785454688.375 with delta=5.975 sec
The time for PUNCH_L0_CR1_20260316191229_v0l.fits is 1785454694.502 with delta=6.127 sec
The time for PUNCH_L0_CR1_20260316192029_v0j.fits is 1785454700.6 with delta=6.098 sec
The time for PUNCH_L0_CR1_20260316192029_v0l.fits is 1785454705.692 with delta=5.092 sec
The time for PUNCH_L0_CR1_20260316192828_v0j.fits is 1785454713.879 with delta=8.187 sec
The time for PUNCH_L0_CR1_20260316192828_v0l.fits is 1785454722.114 with delta=8.235 sec
The time for PUNCH_L0_CR1_20260316193628_v0j.fits is 1785454728.279 with delta=6.165 sec
The time for PUNCH_L0_CR1_20260316193628_v0l.fits is 1785454734.479 with delta=6.2 sec
The time for PUNCH_L0_CR1_20260316194429_v0j.fits is 1785454740.541 with delta=6.062 sec
The time for PUNCH_L0_CR1_20260316194429_v0l.fits is 1785456569.723 with delta=1829.182 sec <- *LONG*
The time for PUNCH_L0_CR1_20260316195229_v0j.fits is 1785456578.156 with delta=8.433 sec
The time for PUNCH_L0_CR1_20260316195229_v0l.fits is 1785456584.724 with delta=6.568 sec
The time for PUNCH_L0_CR1_20260316200029_v0j.fits is 1785456592.88 with delta=8.156 sec
The time for PUNCH_L0_CR1_20260316200029_v0l.fits is 1785457509.684 with delta=916.804 sec <- *LONG*
The time for PUNCH_L0_CR1_20260316200829_v0j.fits is 1785457518.349 with delta=8.665 sec
The time for PUNCH_L0_CR1_20260316200829_v0l.fits is 1785457526.126 with delta=7.777 sec
The time for PUNCH_L0_CR1_20260316201629_v0j.fits is 1785457533.316 with delta=7.19 sec
The time for PUNCH_L0_CR1_20260316201629_v0l.fits is 1785457541.034 with delta=7.718 sec
The time for PUNCH_L0_CR1_20260316202429_v0j.fits is 1785457549.891 with delta=8.856 sec
The time for PUNCH_L0_CR1_20260316202429_v0l.fits is 1785457558.16 with delta=8.269 sec
The time for PUNCH_L0_CR1_20260316203229_v0j.fits is 1785457566.007 with delta=7.847 sec
The time for PUNCH_L0_CR1_20260316203229_v0l.fits is 1785457573.377 with delta=7.37 sec
The time for PUNCH_L0_CR1_20260316204029_v0j.fits is 1785457581.165 with delta=7.788 sec
The time for PUNCH_L0_CR1_20260316204029_v0l.fits is 1785457589.356 with delta=8.191 sec
The time for PUNCH_L0_CR1_20260316204828_v0j.fits is 1785457598.094 with delta=8.738 sec
The time for PUNCH_L0_CR1_20260316204828_v0l.fits is 1785457605.68 with delta=7.586 sec
The time for PUNCH_L0_CR1_20260316205629_v0j.fits is 1785457613.056 with delta=7.376 sec
The time for PUNCH_L0_CR1_20260316205629_v0l.fits is 1785457620.383 with delta=7.327 sec
The time for PUNCH_L0_CR1_20260316210428_v0j.fits is 1785457628.687 with delta=8.304 sec
The time for PUNCH_L0_CR1_20260316210428_v0l.fits is 1785457638.136 with delta=9.449 sec
The time for PUNCH_L0_CR1_20260316211228_v0j.fits is 1785457644.908 with delta=6.772 sec
The time for PUNCH_L0_CR1_20260316211228_v0l.fits is 1785457652.323 with delta=7.415 sec
The time for PUNCH_L0_CR1_20260316212029_v0j.fits is 1785457659.982 with delta=7.659 sec
The time for PUNCH_L0_CR1_20260316212029_v0l.fits is 1785458578.501 with delta=918.519 sec <- *LONG*
The time for PUNCH_L0_CR1_20260316212829_v0j.fits is 1785458586.768 with delta=8.267 sec
The time for PUNCH_L0_CR1_20260316212829_v0l.fits is 1785458594.114 with delta=7.346 sec
The time for PUNCH_L0_CR1_20260316213629_v0j.fits is 1785458601.717 with delta=7.603 sec
The time for PUNCH_L0_CR1_20260316213629_v0l.fits is 1785458609.519 with delta=7.802 sec
The time for PUNCH_L0_CR1_20260316214429_v0j.fits is 1785458619.207 with delta=9.688 sec
The time for PUNCH_L0_CR1_20260316214429_v0l.fits is 1785458626.732 with delta=7.525 sec
The time for PUNCH_L0_CR1_20260316215229_v0j.fits is 1785458633.535 with delta=6.803 sec
The time for PUNCH_L0_CR1_20260316215229_v0l.fits is 1785458641.126 with delta=7.591 sec
The time for PUNCH_L0_CR1_20260316220029_v0j.fits is 1785458648.262 with delta=7.135 sec
The time for PUNCH_L0_CR1_20260316220029_v0l.fits is 1785458658.412 with delta=10.15 sec <- *LONG*
The time for PUNCH_L0_CR1_20260316220829_v0j.fits is 1785458666.989 with delta=8.577 sec
The time for PUNCH_L0_CR1_20260316220829_v0l.fits is 1785458673.604 with delta=6.615 sec
The time for PUNCH_L0_CR1_20260316221629_v0j.fits is 1785458680.95 with delta=7.346 sec
The time for PUNCH_L0_CR1_20260316221629_v0l.fits is 1785458688.725 with delta=7.775 sec
The time for PUNCH_L0_CR1_20260316222429_v0j.fits is 1785458698.291 with delta=9.566 sec
The time for PUNCH_L0_CR1_20260316222429_v0l.fits is 1785458706.304 with delta=8.013 sec
The time for PUNCH_L0_CR1_20260316223229_v0j.fits is 1785458714.235 with delta=7.931 sec
The time for PUNCH_L0_CR1_20260316223229_v0l.fits is 1785458720.446 with delta=6.211 sec
The time for PUNCH_L0_CR1_20260316224029_v0j.fits is 1785458728.618 with delta=8.172 sec
The time for PUNCH_L0_CR1_20260316224029_v0l.fits is 1785458738.666 with delta=10.048 sec <- *LONG*
The time for PUNCH_L0_CR1_20260316224829_v0j.fits is 1785458746.346 with delta=7.68 sec
The time for PUNCH_L0_CR1_20260316224829_v0l.fits is 1785458753.614 with delta=7.268 sec
The time for PUNCH_L0_CR1_20260316225629_v0j.fits is 1785458761.435 with delta=7.821 sec
The time for PUNCH_L0_CR1_20260316225629_v0l.fits is 1785459680.107 with delta=918.672 sec <- *LONG*
The time for PUNCH_L0_CR1_20260316230429_v0j.fits is 1785459703.03 with delta=22.923 sec <- *LONG*
The time for PUNCH_L0_CR1_20260316230429_v0l.fits is 1785459710.418 with delta=7.388 sec
The time for PUNCH_L0_CR1_20260316231229_v0j.fits is 1785459719.129 with delta=8.711 sec
The time for PUNCH_L0_CR1_20260316231229_v0l.fits is 1785459727.588 with delta=8.459 sec
The time for PUNCH_L0_CR1_20260316232029_v0j.fits is 1785459735.651 with delta=8.063 sec
The time for PUNCH_L0_CR1_20260316232029_v0l.fits is 1785459745.374 with delta=9.722 sec
The time for PUNCH_L0_CR1_20260316232829_v0j.fits is 1785459752.547 with delta=7.173 sec
The time for PUNCH_L0_CR1_20260316232829_v0l.fits is 1785459763.212 with delta=10.665 sec <- *LONG*
The time for PUNCH_L0_CR1_20260316233629_v0j.fits is 1785459771.451 with delta=8.239 sec
The time for PUNCH_L0_CR1_20260316233629_v0l.fits is 1785459777.608 with delta=6.157 sec
The time for PUNCH_L0_CR1_20260316234429_v0j.fits is 1785459785.181 with delta=7.573 sec
The time for PUNCH_L0_CR1_20260316234429_v0l.fits is 1785459792.012 with delta=6.831 sec
The time for PUNCH_L0_CR1_20260316235229_v0j.fits is 1785459802.387 with delta=10.375 sec <- *LONG*
The time for PUNCH_L0_CR1_20260316235229_v0l.fits is 1785459810.513 with delta=8.126 sec
